Archive member included to satisfy reference by file (symbol)

c:/st/stm32cubeide_1.10.1/stm32cubeide/plugins/com.st.stm32cube.ide.mcu.externaltools.gnu-tools-for-stm32.10.3-2021.10.win32_1.0.0.202111181127/tools/bin/../lib/gcc/arm-none-eabi/10.3.1/../../../../arm-none-eabi/lib/thumb/v7e-m+fp/hard\libstdc++_nano.a(del_ops.o)
                              ./Core/Src/math/transformers.o (operator delete(void*, unsigned int))
c:/st/stm32cubeide_1.10.1/stm32cubeide/plugins/com.st.stm32cube.ide.mcu.externaltools.gnu-tools-for-stm32.10.3-2021.10.win32_1.0.0.202111181127/tools/bin/../lib/gcc/arm-none-eabi/10.3.1/../../../../arm-none-eabi/lib/thumb/v7e-m+fp/hard\libstdc++_nano.a(guard.o)
                              ./Core/Src/math/transformers.o (__cxa_guard_acquire)
c:/st/stm32cubeide_1.10.1/stm32cubeide/plugins/com.st.stm32cube.ide.mcu.externaltools.gnu-tools-for-stm32.10.3-2021.10.win32_1.0.0.202111181127/tools/bin/../lib/gcc/arm-none-eabi/10.3.1/../../../../arm-none-eabi/lib/thumb/v7e-m+fp/hard\libstdc++_nano.a(new_op.o)
                              ./Core/Src/math/transformers.o (operator new(unsigned int))
c:/st/stm32cubeide_1.10.1/stm32cubeide/plugins/com.st.stm32cube.ide.mcu.externaltools.gnu-tools-for-stm32.10.3-2021.10.win32_1.0.0.202111181127/tools/bin/../lib/gcc/arm-none-eabi/10.3.1/../../../../arm-none-eabi/lib/thumb/v7e-m+fp/hard\libstdc++_nano.a(functexcept.o)
                              ./Core/Src/math/transformers.o (std::__throw_bad_alloc())
c:/st/stm32cubeide_1.10.1/stm32cubeide/plugins/com.st.stm32cube.ide.mcu.externaltools.gnu-tools-for-stm32.10.3-2021.10.win32_1.0.0.202111181127/tools/bin/../lib/gcc/arm-none-eabi/10.3.1/../../../../arm-none-eabi/lib/thumb/v7e-m+fp/hard\libstdc++_nano.a(snprintf_lite.o)
                              c:/st/stm32cubeide_1.10.1/stm32cubeide/plugins/com.st.stm32cube.ide.mcu.externaltools.gnu-tools-for-stm32.10.3-2021.10.win32_1.0.0.202111181127/tools/bin/../lib/gcc/arm-none-eabi/10.3.1/../../../../arm-none-eabi/lib/thumb/v7e-m+fp/hard\libstdc++_nano.a(functexcept.o) (__gnu_cxx::__snprintf_lite(char*, unsigned int, char const*, std::__va_list))
c:/st/stm32cubeide_1.10.1/stm32cubeide/plugins/com.st.stm32cube.ide.mcu.externaltools.gnu-tools-for-stm32.10.3-2021.10.win32_1.0.0.202111181127/tools/bin/../lib/gcc/arm-none-eabi/10.3.1/../../../../arm-none-eabi/lib/thumb/v7e-m+fp/hard\libstdc++_nano.a(del_op.o)
                              c:/st/stm32cubeide_1.10.1/stm32cubeide/plugins/com.st.stm32cube.ide.mcu.externaltools.gnu-tools-for-stm32.10.3-2021.10.win32_1.0.0.202111181127/tools/bin/../lib/gcc/arm-none-eabi/10.3.1/../../../../arm-none-eabi/lib/thumb/v7e-m+fp/hard\libstdc++_nano.a(del_ops.o) (operator delete(void*))
c:/st/stm32cubeide_1.10.1/stm32cubeide/plugins/com.st.stm32cube.ide.mcu.externaltools.gnu-tools-for-stm32.10.3-2021.10.win32_1.0.0.202111181127/tools/bin/../lib/gcc/arm-none-eabi/10.3.1/../../../../arm-none-eabi/lib/thumb/v7e-m+fp/hard\libstdc++_nano.a(new_handler.o)
                              c:/st/stm32cubeide_1.10.1/stm32cubeide/plugins/com.st.stm32cube.ide.mcu.externaltools.gnu-tools-for-stm32.10.3-2021.10.win32_1.0.0.202111181127/tools/bin/../lib/gcc/arm-none-eabi/10.3.1/../../../../arm-none-eabi/lib/thumb/v7e-m+fp/hard\libstdc++_nano.a(new_op.o) (std::get_new_handler())
c:/st/stm32cubeide_1.10.1/stm32cubeide/plugins/com.st.stm32cube.ide.mcu.externaltools.gnu-tools-for-stm32.10.3-2021.10.win32_1.0.0.202111181127/tools/bin/../lib/gcc/arm-none-eabi/10.3.1/../../../../arm-none-eabi/lib/thumb/v7e-m+fp/hard\libm.a(lib_a-sf_cos.o)
                              ./Core/Src/math/transformers.o (cosf)
c:/st/stm32cubeide_1.10.1/stm32cubeide/plugins/com.st.stm32cube.ide.mcu.externaltools.gnu-tools-for-stm32.10.3-2021.10.win32_1.0.0.202111181127/tools/bin/../lib/gcc/arm-none-eabi/10.3.1/../../../../arm-none-eabi/lib/thumb/v7e-m+fp/hard\libm.a(lib_a-sf_sin.o)
                              ./Core/Src/math/transformers.o (sinf)
c:/st/stm32cubeide_1.10.1/stm32cubeide/plugins/com.st.stm32cube.ide.mcu.externaltools.gnu-tools-for-stm32.10.3-2021.10.win32_1.0.0.202111181127/tools/bin/../lib/gcc/arm-none-eabi/10.3.1/../../../../arm-none-eabi/lib/thumb/v7e-m+fp/hard\libm.a(lib_a-ef_rem_pio2.o)
                              c:/st/stm32cubeide_1.10.1/stm32cubeide/plugins/com.st.stm32cube.ide.mcu.externaltools.gnu-tools-for-stm32.10.3-2021.10.win32_1.0.0.202111181127/tools/bin/../lib/gcc/arm-none-eabi/10.3.1/../../../../arm-none-eabi/lib/thumb/v7e-m+fp/hard\libm.a(lib_a-sf_cos.o) (__ieee754_rem_pio2f)
c:/st/stm32cubeide_1.10.1/stm32cubeide/plugins/com.st.stm32cube.ide.mcu.externaltools.gnu-tools-for-stm32.10.3-2021.10.win32_1.0.0.202111181127/tools/bin/../lib/gcc/arm-none-eabi/10.3.1/../../../../arm-none-eabi/lib/thumb/v7e-m+fp/hard\libm.a(lib_a-kf_cos.o)
[...]
Memory Configuration

Name             Origin             Length             Attributes
RAM              0x0000000020000000 0x0000000000020000 xrw
FLASH            0x0000000008000000 0x0000000000080000 xr
*default*        0x0000000000000000 0xffffffffffffffff

Linker script and memory map

LOAD c:/st/stm32cubeide_1.10.1/stm32cubeide/plugins/com.st.stm32cube.ide.mcu.externaltools.gnu-tools-for-stm32.10.3-2021.10.win32_1.0.0.202111181127/tools/bin/../lib/gcc/arm-none-eabi/10.3.1/thumb/v7e-m+fp/hard/crti.o
LOAD c:/st/stm32cubeide_1.10.1/stm32cubeide/plugins/com.st.stm32cube.ide.mcu.externaltools.gnu-tools-for-stm32.10.3-2021.10.win32_1.0.0.202111181127/tools/bin/../lib/gcc/arm-none-eabi/10.3.1/thumb/v7e-m+fp/hard/crtbegin.o
LOAD c:/st/stm32cubeide_1.10.1/stm32cubeide/plugins/com.st.stm32cube.ide.mcu.externaltools.gnu-tools-for-stm32.10.3-2021.10.win32_1.0.0.202111181127/tools/bin/../lib/gcc/arm-none-eabi/10.3.1/../../../../arm-none-eabi/lib/thumb/v7e-m+fp/hard/crt0.o
LOAD ./Core/Src/actuators/blhelis.o
LOAD ./Core/Src/comms/nrf24.o
LOAD ./Core/Src/controllers/controllers.o
LOAD ./Core/Src/freertos.o
LOAD ./Core/Src/main.o
LOAD ./Core/Src/stm32f4xx_hal_msp.o
LOAD ./Core/Src/stm32f4xx_hal_timebase_tim.o
LOAD ./Core/Src/stm32f4xx_it.o
LOAD ./Core/Src/syscalls.o
LOAD ./Core/Src/sysmem.o
LOAD ./Core/Src/system_stm32f4xx.o
LOAD ./Core/Src/math/transformers.o
LOAD ./Core/Src/model/models.o
LOAD ./Core/Src/sensors/bno055.o
LOAD ./Core/Src/state/trajectories.o
LOAD ./Core/Src/threads/actuatorthread.o
LOAD ./Core/Src/threads/controllerthread.o
LOAD ./Core/Src/threads/estimatorthread.o
LOAD ./Core/Src/threads/initializerthread.o
LOAD ./Core/Src/threads/sensorthread.o
LOAD ./Core/Startup/startup_stm32f446retx.o
LOAD ./Drivers/STM32F4xx_HAL_Driver/Src/stm32f4xx_hal.o
LOAD ./Drivers/STM32F4xx_HAL_Driver/Src/stm32f4xx_hal_cortex.o
LOAD ./Drivers/STM32F4xx_HAL_Driver/Src/stm32f4xx_hal_dma.o
LOAD ./Drivers/STM32F4xx_HAL_Driver/Src/stm32f4xx_hal_dma_ex.o
LOAD ./Drivers/STM32F4xx_HAL_Driver/Src/stm32f4xx_hal_exti.o
LOAD ./Drivers/STM32F4xx_HAL_Driver/Src/stm32f4xx_hal_flash.o
LOAD ./Drivers/STM32F4xx_HAL_Driver/Src/stm32f4xx_hal_flash_ex.o
LOAD ./Drivers/STM32F4xx_HAL_Driver/Src/stm32f4xx_hal_flash_ramfunc.o
LOAD ./Drivers/STM32F4xx_HAL_Driver/Src/stm32f4xx_hal_gpio.o
LOAD ./Drivers/STM32F4xx_HAL_Driver/Src/stm32f4xx_hal_i2c.o
LOAD ./Drivers/STM32F4xx_HAL_Driver/Src/stm32f4xx_hal_i2c_ex.o
LOAD ./Drivers/STM32F4xx_HAL_Driver/Src/stm32f4xx_hal_pwr.o
LOAD ./Drivers/STM32F4xx_HAL_Driver/Src/stm32f4xx_hal_pwr_ex.o
LOAD ./Drivers/STM32F4xx_HAL_Driver/Src/stm32f4xx_hal_rcc.o
LOAD ./Drivers/STM32F4xx_HAL_Driver/Src/stm32f4xx_hal_rcc_ex.o
LOAD ./Drivers/STM32F4xx_HAL_Driver/Src/stm32f4xx_hal_spi.o
LOAD ./Drivers/STM32F4xx_HAL_Driver/Src/stm32f4xx_hal_tim.o
LOAD ./Drivers/STM32F4xx_HAL_Driver/Src/stm32f4xx_hal_tim_ex.o
LOAD ./Drivers/STM32F4xx_HAL_Driver/Src/stm32f4xx_hal_uart.o
LOAD ./Middlewares/Third_Party/FreeRTOS/Source/CMSIS_RTOS/cmsis_os.o
LOAD ./Middlewares/Third_Party/FreeRTOS/Source/croutine.o
LOAD ./Middlewares/Third_Party/FreeRTOS/Source/event_groups.o
LOAD ./Middlewares/Third_Party/FreeRTOS/Source/list.o
LOAD ./Middlewares/Third_Party/FreeRTOS/Source/queue.o
LOAD ./Middlewares/Third_Party/FreeRTOS/Source/stream_buffer.o
LOAD ./Middlewares/Third_Party/FreeRTOS/Source/tasks.o
LOAD ./Middlewares/Third_Party/FreeRTOS/Source/timers.o
LOAD ./Middlewares/Third_Party/FreeRTOS/Source/portable/GCC/ARM_CM4F/port.o
LOAD ./Middlewares/Third_Party/FreeRTOS/Source/portable/MemMang/heap_4.o
START GROUP
LOAD c:/st/stm32cubeide_1.10.1/stm32cubeide/plugins/com.st.stm32cube.ide.mcu.externaltools.gnu-tools-for-stm32.10.3-2021.10.win32_1.0.0.202111181127/tools/bin/../lib/gcc/arm-none-eabi/10.3.1/../../../../arm-none-eabi/lib/thumb/v7e-m+fp/hard\libstdc++_nano.a
LOAD c:/st/stm32cubeide_1.10.1/stm32cubeide/plugins/com.st.stm32cube.ide.mcu.externaltools.gnu-tools-for-stm32.10.3-2021.10.win32_1.0.0.202111181127/tools/bin/../lib/gcc/arm-none-eabi/10.3.1/../../../../arm-none-eabi/lib/thumb/v7e-m+fp/hard\libsupc++_nano.a
END GROUP
LOAD c:/st/stm32cubeide_1.10.1/stm32cubeide/plugins/com.st.stm32cube.ide.mcu.externaltools.gnu-tools-for-stm32.10.3-2021.10.win32_1.0.0.202111181127/tools/bin/../lib/gcc/arm-none-eabi/10.3.1/../../../../arm-none-eabi/lib/thumb/v7e-m+fp/hard\libstdc++_nano.a
LOAD c:/st/stm32cubeide_1.10.1/stm32cubeide/plugins/com.st.stm32cube.ide.mcu.externaltools.gnu-tools-for-stm32.10.3-2021.10.win32_1.0.0.202111181127/tools/bin/../lib/gcc/arm-none-eabi/10.3.1/../../../../arm-none-eabi/lib/thumb/v7e-m+fp/hard\libm.a
LOAD c:/st/stm32cubeide_1.10.1/stm32cubeide/plugins/com.st.stm32cube.ide.mcu.externaltools.gnu-tools-for-stm32.10.3-2021.10.win32_1.0.0.202111181127/tools/bin/../lib/gcc/arm-none-eabi/10.3.1/../../../../arm-none-eabi/lib/thumb/v7e-m+fp/hard\libc_nano.a
START GROUP
LOAD c:/st/stm32cubeide_1.10.1/stm32cubeide/plugins/com.st.stm32cube.ide.mcu.externaltools.gnu-tools-for-stm32.10.3-2021.10.win32_1.0.0.202111181127/tools/bin/../lib/gcc/arm-none-eabi/10.3.1/thumb/v7e-m+fp/hard\libgcc.a
LOAD c:/st/stm32cubeide_1.10.1/stm32cubeide/plugins/com.st.stm32cube.ide.mcu.externaltools.gnu-tools-for-stm32.10.3-2021.10.win32_1.0.0.202111181127/tools/bin/../lib/gcc/arm-none-eabi/10.3.1/../../../../arm-none-eabi/lib/thumb/v7e-m+fp/hard\libc_nano.a
END GROUP
START GROUP
LOAD c:/st/stm32cubeide_1.10.1/stm32cubeide/plugins/com.st.stm32cube.ide.mcu.externaltools.gnu-tools-for-stm32.10.3-2021.10.win32_1.0.0.202111181127/tools/bin/../lib/gcc/arm-none-eabi/10.3.1/thumb/v7e-m+fp/hard\libgcc.a
LOAD c:/st/stm32cubeide_1.10.1/stm32cubeide/plugins/com.st.stm32cube.ide.mcu.externaltools.gnu-tools-for-stm32.10.3-2021.10.win32_1.0.0.202111181127/tools/bin/../lib/gcc/arm-none-eabi/10.3.1/../../../../arm-none-eabi/lib/thumb/v7e-m+fp/hard\libc_nano.a
END GROUP
LOAD c:/st/stm32cubeide_1.10.1/stm32cubeide/plugins/com.st.stm32cube.ide.mcu.externaltools.gnu-tools-for-stm32.10.3-2021.10.win32_1.0.0.202111181127/tools/bin/../lib/gcc/arm-none-eabi/10.3.1/thumb/v7e-m+fp/hard/crtend.o
LOAD c:/st/stm32cubeide_1.10.1/stm32cubeide/plugins/com.st.stm32cube.ide.mcu.externaltools.gnu-tools-for-stm32.10.3-2021.10.win32_1.0.0.202111181127/tools/bin/../lib/gcc/arm-none-eabi/10.3.1/thumb/v7e-m+fp/hard/crtn.o
                0x0000000020020000                _estack = (ORIGIN (RAM) + LENGTH (RAM))
                0x0000000000000200                _Min_Heap_Size = 0x200
                0x0000000000000400                _Min_Stack_Size = 0x400

.isr_vector     0x0000000008000000      0x1c4
                0x0000000008000000                . = ALIGN (0x4)
 *(.isr_vector)
 .isr_vector    0x0000000008000000      0x1c4 ./Core/Startup/startup_stm32f446retx.o
                0x0000000008000000                g_pfnVectors
                0x00000000080001c4                . = ALIGN (0x4)

.text           0x00000000080001d0     0x94d0
                0x00000000080001d0                . = ALIGN (0x4)
 *(.text)
 .text          0x00000000080001d0       0x40 c:/st/stm32cubeide_1.10.1/stm32cubeide/plugins/com.st.stm32cube.ide.mcu.externaltools.gnu-tools-for-stm32.10.3-2021.10.win32_1.0.0.202111181127/tools/bin/../lib/gcc/arm-none-eabi/10.3.1/thumb/v7e-m+fp/hard/crtbegin.o
 .text          0x0000000008000210       0x30 c:/st/stm32cubeide_1.10.1/stm32cubeide/plugins/com.st.stm32cube.ide.mcu.externaltools.gnu-tools-for-stm32.10.3-2021.10.win32_1.0.0.202111181127/tools/bin/../lib/gcc/arm-none-eabi/10.3.1/thumb/v7e-m+fp/hard\libgcc.a(_aeabi_uldivmod.o)
                0x0000000008000210                __aeabi_uldivmod
 .text          0x0000000008000240      0x2d0 c:/st/stm32cubeide_1.10.1/stm32cubeide/plugins/com.st.stm32cube.ide.mcu.externaltools.gnu-tools-for-stm32.10.3-2021.10.win32_1.0.0.202111181127/tools/bin/../lib/gcc/arm-none-eabi/10.3.1/thumb/v7e-m+fp/hard\libgcc.a(_udivmoddi4.o)
                0x0000000008000240                __udivmoddi4
 .text          0x0000000008000510        0x4 c:/st/stm32cubeide_1.10.1/stm32cubeide/plugins/com.st.stm32cube.ide.mcu.externaltools.gnu-tools-for-stm32.10.3-2021.10.win32_1.0.0.202111181127/tools/bin/../lib/gcc/arm-none-eabi/10.3.1/thumb/v7e-m+fp/hard\libgcc.a(_dvmd_tls.o)
                0x0000000008000510                __aeabi_idiv0
                0x0000000008000510                __aeabi_ldiv0
 *(.text*)
 .text._ZN9actuators7BLHelisC2E17TIM_HandleTypeDef
                0x0000000008000514       0x30 ./Core/Src/actuators/blhelis.o
                0x0000000008000514                actuators::BLHelis::BLHelis(TIM_HandleTypeDef)
                0x0000000008000514                actuators::BLHelis::BLHelis(TIM_HandleTypeDef)
 .text._ZN9actuators7BLHelis11Init_MotorsEv
                0x0000000008000544      0x18c ./Core/Src/actuators/blhelis.o
                0x0000000008000544                actuators::BLHelis::Init_Motors()
 .text._ZN9actuators7BLHelis13actuateMotorsERN5state18QuadControlActionsE
                0x00000000080006d0      0x120 ./Core/Src/actuators/blhelis.o
                0x00000000080006d0                actuators::BLHelis::actuateMotors(state::QuadControlActions&)
 .text._ZN9actuators7BLHelis15Update_Motor_SPENS_8motor_spE
                0x00000000080007f0       0x42 ./Core/Src/actuators/blhelis.o
                0x00000000080007f0                actuators::BLHelis::Update_Motor_SP(actuators::motor_sp)
 *fill*         0x0000000008000832        0x2 
 .text._ZN14communications5NRF24C2E19__SPI_HandleTypeDef
                0x0000000008000834      0x140 ./Core/Src/comms/nrf24.o
                0x0000000008000834                communications::NRF24::NRF24(__SPI_HandleTypeDef)
                0x0000000008000834                communications::NRF24::NRF24(__SPI_HandleTypeDef)
 .text._ZN14communications5NRF2413Read_RegisterEhPh
                0x0000000008000974       0x50 ./Core/Src/comms/nrf24.o
                0x0000000008000974                communications::NRF24::Read_Register(unsigned char, unsigned char*)
 .text._ZN14communications5NRF2414Write_RegisterEhPh
                0x00000000080009c4       0x58 ./Core/Src/comms/nrf24.o
                0x00000000080009c4                communications::NRF24::Write_Register(unsigned char, unsigned char*)
 .text._ZN14communications5NRF2416Read_MB_RegisterEhPhh
                0x0000000008000a1c       0x70 ./Core/Src/comms/nrf24.o
                0x0000000008000a1c                communications::NRF24::Read_MB_Register(unsigned char, unsigned char*, unsigned char)
 .text._ZN14communications5NRF2417Write_MB_RegisterEhPhh
                0x0000000008000a8c       0x78 ./Core/Src/comms/nrf24.o
                0x0000000008000a8c                communications::NRF24::Write_MB_Register(unsigned char, unsigned char*, unsigned char)
 .text._ZN14communications5NRF2416Set_Payload_SizeEh
                0x0000000008000b04       0x38 ./Core/Src/comms/nrf24.o
                0x0000000008000b04                communications::NRF24::Set_Payload_Size(unsigned char)
 .text._ZN14communications5NRF2413Set_Data_RateENS0_11nrf24_speedE
                0x0000000008000b3c       0x4a ./Core/Src/comms/nrf24.o
                0x0000000008000b3c                communications::NRF24::Set_Data_Rate(communications::NRF24::nrf24_speed)
 *fill*         0x0000000008000b86        0x2 
 .text._ZN14communications5NRF249Begin_SPIEv
                0x0000000008000b88       0x28 ./Core/Src/comms/nrf24.o
                0x0000000008000b88                communications::NRF24::Begin_SPI()
 .text._ZN14communications5NRF247End_SPIEv
                0x0000000008000bb0       0x20 ./Core/Src/comms/nrf24.o
                0x0000000008000bb0                communications::NRF24::End_SPI()
 .text._ZN14communications5NRF248array_eqEPhS1_h
                0x0000000008000bd0       0x52 ./Core/Src/comms/nrf24.o
                0x0000000008000bd0                communications::NRF24::array_eq(unsigned char*, unsigned char*, unsigned char)
 .text._ZN7control2PIC2Effff
                0x0000000008000c22       0x3e ./Core/Src/controllers/controllers.o
                0x0000000008000c22                control::PI::PI(float, float, float, float)
                0x0000000008000c22                control::PI::PI(float, float, float, float)
 .text._ZN7control2PI10calcOutputEf
                0x0000000008000c60       0xb8 ./Core/Src/controllers/controllers.o
                0x0000000008000c60                control::PI::calcOutput(float)
 .text.vApplicationGetIdleTaskMemory
                0x0000000008000d18       0x34 ./Core/Src/freertos.o
                0x0000000008000d18                vApplicationGetIdleTaskMemory
 .text.main     0x0000000008000d4c      0x1f4 ./Core/Src/main.o
                0x0000000008000d4c                main
 .text._Z18SystemClock_Configv
                0x0000000008000f40      0x134 ./Core/Src/main.o
                0x0000000008000f40                SystemClock_Config()
 .text._ZL12MX_I2C1_Initv
                0x0000000008001074       0x68 ./Core/Src/main.o
 .text._ZL12MX_SPI2_Initv
                0x00000000080010dc       0x78 ./Core/Src/main.o
 .text._ZL12MX_TIM8_Initv
                0x0000000008001154      0x1e4 ./Core/Src/main.o
 .text._ZL13MX_UART4_Initv
                0x0000000008001338       0x5c ./Core/Src/main.o
 .text._ZL19MX_USART2_UART_Initv
                0x0000000008001394       0x5c ./Core/Src/main.o
 .text._ZL12MX_GPIO_Initv
                0x00000000080013f0      0x124 ./Core/Src/main.o
 .text.HAL_TIM_PeriodElapsedCallback
                0x0000000008001514       0x40 ./Core/Src/main.o
                0x0000000008001514                HAL_TIM_PeriodElapsedCallback
 .text.Error_Handler
                0x0000000008001554        0xa ./Core/Src/main.o
                0x0000000008001554                Error_Handler
 *fill*         0x000000000800155e        0x2 
 .text.HAL_MspInit
                0x0000000008001560       0x58 ./Core/Src/stm32f4xx_hal_msp.o
                0x0000000008001560                HAL_MspInit
 .text.HAL_I2C_MspInit
                0x00000000080015b8       0x90 ./Core/Src/stm32f4xx_hal_msp.o
                0x00000000080015b8                HAL_I2C_MspInit
 .text.HAL_SPI_MspInit
                0x0000000008001648       0xf0 ./Core/Src/stm32f4xx_hal_msp.o
                0x0000000008001648                HAL_SPI_MspInit
 .text.HAL_TIM_Base_MspInit
                0x0000000008001738       0x7c ./Core/Src/stm32f4xx_hal_msp.o
                0x0000000008001738                HAL_TIM_Base_MspInit
 .text.HAL_TIM_MspPostInit
                0x00000000080017b4       0x74 ./Core/Src/stm32f4xx_hal_msp.o
                0x00000000080017b4                HAL_TIM_MspPostInit
 .text.HAL_UART_MspInit
                0x0000000008001828      0x138 ./Core/Src/stm32f4xx_hal_msp.o
                0x0000000008001828                HAL_UART_MspInit
 .text.HAL_InitTick
                0x0000000008001960       0xf8 ./Core/Src/stm32f4xx_hal_timebase_tim.o
                0x0000000008001960                HAL_InitTick
 .text.NMI_Handler
                0x0000000008001a58        0x6 ./Core/Src/stm32f4xx_it.o
                0x0000000008001a58                NMI_Handler
 .text.HardFault_Handler
                0x0000000008001a5e        0x6 ./Core/Src/stm32f4xx_it.o
                0x0000000008001a5e                HardFault_Handler
 .text.MemManage_Handler
                0x0000000008001a64        0x6 ./Core/Src/stm32f4xx_it.o
                0x0000000008001a64                MemManage_Handler
 .text.BusFault_Handler
                0x0000000008001a6a        0x6 ./Core/Src/stm32f4xx_it.o
                0x0000000008001a6a                BusFault_Handler
 .text.UsageFault_Handler
                0x0000000008001a70        0x6 ./Core/Src/stm32f4xx_it.o
                0x0000000008001a70                UsageFault_Handler
 .text.DebugMon_Handler
                0x0000000008001a76        0xe ./Core/Src/stm32f4xx_it.o
                0x0000000008001a76                DebugMon_Handler
 .text.TIM1_UP_TIM10_IRQHandler
                0x0000000008001a84       0x14 ./Core/Src/stm32f4xx_it.o
                0x0000000008001a84                TIM1_UP_TIM10_IRQHandler
 .text.TIM6_DAC_IRQHandler
                0x0000000008001a98       0x14 ./Core/Src/stm32f4xx_it.o
                0x0000000008001a98                TIM6_DAC_IRQHandler
 .text.SystemInit
                0x0000000008001aac       0x2c ./Core/Src/system_stm32f4xx.o
                0x0000000008001aac                SystemInit
 .text._ZN7sensors6BNO055C2ER17I2C_HandleTypeDef
                0x0000000008001ad8       0x1e ./Core/Src/sensors/bno055.o
                0x0000000008001ad8                sensors::BNO055::BNO055(I2C_HandleTypeDef&)
                0x0000000008001ad8                sensors::BNO055::BNO055(I2C_HandleTypeDef&)
 *fill*         0x0000000008001af6        0x2 
 .text._ZN7sensors6BNO05512configSensorEv
                0x0000000008001af8       0x4c ./Core/Src/sensors/bno055.o
                0x0000000008001af8                sensors::BNO055::configSensor()
 .text._ZN7sensors6BNO05521Read_IMU_Calib_StatusEv
                0x0000000008001b44       0x58 ./Core/Src/sensors/bno055.o
                0x0000000008001b44                sensors::BNO055::Read_IMU_Calib_Status()
 .text._ZN7sensors6BNO05517Read_Calib_ParamsEv
                0x0000000008001b9c      0x27c ./Core/Src/sensors/bno055.o
                0x0000000008001b9c                sensors::BNO055::Read_Calib_Params()
 .text._ZN7sensors6BNO0557readIMUEv
                0x0000000008001e18      0x280 ./Core/Src/sensors/bno055.o
                0x0000000008001e18                sensors::BNO055::readIMU()
 .text._ZN7sensors6BNO05525I2C1_ClearBusyFlagErratumEv
                0x0000000008002098      0x250 ./Core/Src/sensors/bno055.o
                0x0000000008002098                sensors::BNO055::I2C1_ClearBusyFlagErratum()
 .text._ZN7threads14actuatorThreadEPv
                0x00000000080022e8       0x84 ./Core/Src/threads/actuatorthread.o
                0x00000000080022e8                threads::actuatorThread(void*)
 .text._ZN7threads16controllerThreadEPv
                0x000000000800236c      0x1a4 ./Core/Src/threads/controllerthread.o
                0x000000000800236c                threads::controllerThread(void*)
 .text._ZN7threads17initializerThreadEPv
                0x0000000008002510      0x114 ./Core/Src/threads/initializerthread.o
                0x0000000008002510                threads::initializerThread(void*)
 .text._ZN7threads12sensorThreadEPv
                0x0000000008002624       0xa4 ./Core/Src/threads/sensorthread.o
                0x0000000008002624                threads::sensorThread(void*)
 .text.Reset_Handler
                0x00000000080026c8       0x50 ./Core/Startup/startup_stm32f446retx.o
                0x00000000080026c8                Reset_Handler
 .text.Default_Handler
                0x0000000008002718        0x2 ./Core/Startup/startup_stm32f446retx.o
                0x0000000008002718                RTC_Alarm_IRQHandler
                0x0000000008002718                EXTI2_IRQHandler
                0x0000000008002718                TIM8_CC_IRQHandler
                0x0000000008002718                FMPI2C1_EV_IRQHandler
                0x0000000008002718                SPI4_IRQHandler
                0x0000000008002718                TIM1_CC_IRQHandler
                0x0000000008002718                DMA2_Stream5_IRQHandler
                0x0000000008002718                DMA1_Stream5_IRQHandler
                0x0000000008002718                PVD_IRQHandler
                0x0000000008002718                SDIO_IRQHandler
                0x0000000008002718                TAMP_STAMP_IRQHandler
                0x0000000008002718                CAN2_RX1_IRQHandler
                0x0000000008002718                EXTI3_IRQHandler
                0x0000000008002718                TIM8_TRG_COM_TIM14_IRQHandler
                0x0000000008002718                TIM8_UP_TIM13_IRQHandler
                0x0000000008002718                I2C3_ER_IRQHandler
                0x0000000008002718                EXTI0_IRQHandler
                0x0000000008002718                I2C2_EV_IRQHandler
                0x0000000008002718                DMA1_Stream2_IRQHandler
                0x0000000008002718                CAN1_RX0_IRQHandler
                0x0000000008002718                FPU_IRQHandler
                0x0000000008002718                OTG_HS_WKUP_IRQHandler
                0x0000000008002718                CAN2_SCE_IRQHandler
                0x0000000008002718                DMA2_Stream2_IRQHandler
                0x0000000008002718                SPI1_IRQHandler
                0x0000000008002718                TIM1_BRK_TIM9_IRQHandler
                0x0000000008002718                DCMI_IRQHandler
                0x0000000008002718                CAN2_RX0_IRQHandler
                0x0000000008002718                DMA2_Stream3_IRQHandler
                0x0000000008002718                SAI2_IRQHandler
                0x0000000008002718                USART6_IRQHandler
                0x0000000008002718                USART3_IRQHandler
                0x0000000008002718                CAN1_RX1_IRQHandler
                0x0000000008002718                UART5_IRQHandler
                0x0000000008002718                DMA2_Stream0_IRQHandler
                0x0000000008002718                TIM4_IRQHandler
                0x0000000008002718                QUADSPI_IRQHandler
                0x0000000008002718                I2C1_EV_IRQHandler
                0x0000000008002718                DMA1_Stream6_IRQHandler
                0x0000000008002718                DMA1_Stream1_IRQHandler
                0x0000000008002718                UART4_IRQHandler
                0x0000000008002718                TIM3_IRQHandler
                0x0000000008002718                RCC_IRQHandler
                0x0000000008002718                TIM8_BRK_TIM12_IRQHandler
                0x0000000008002718                Default_Handler
                0x0000000008002718                CEC_IRQHandler
                0x0000000008002718                EXTI15_10_IRQHandler
                0x0000000008002718                ADC_IRQHandler
                0x0000000008002718                DMA1_Stream7_IRQHandler
                0x0000000008002718                TIM7_IRQHandler
                0x0000000008002718                CAN2_TX_IRQHandler
                0x0000000008002718                TIM5_IRQHandler
                0x0000000008002718                DMA2_Stream7_IRQHandler
                0x0000000008002718                I2C3_EV_IRQHandler
                0x0000000008002718                EXTI9_5_IRQHandler
                0x0000000008002718                RTC_WKUP_IRQHandler
                0x0000000008002718                SPDIF_RX_IRQHandler
                0x0000000008002718                SPI2_IRQHandler
                0x0000000008002718                OTG_HS_EP1_IN_IRQHandler
                0x0000000008002718                DMA1_Stream0_IRQHandler
                0x0000000008002718                CAN1_TX_IRQHandler
                0x0000000008002718                FMPI2C1_ER_IRQHandler
                0x0000000008002718                EXTI4_IRQHandler
                0x0000000008002718                OTG_HS_EP1_OUT_IRQHandler
                0x0000000008002718                WWDG_IRQHandler
                0x0000000008002718                TIM2_IRQHandler
                0x0000000008002718                OTG_FS_WKUP_IRQHandler
                0x0000000008002718                TIM1_TRG_COM_TIM11_IRQHandler
                0x0000000008002718                OTG_HS_IRQHandler
                0x0000000008002718                EXTI1_IRQHandler
                0x0000000008002718                USART2_IRQHandler
                0x0000000008002718                I2C2_ER_IRQHandler
                0x0000000008002718                DMA2_Stream1_IRQHandler
                0x0000000008002718                CAN1_SCE_IRQHandler
                0x0000000008002718                FLASH_IRQHandler
                0x0000000008002718                DMA2_Stream4_IRQHandler
                0x0000000008002718                USART1_IRQHandler
                0x0000000008002718                OTG_FS_IRQHandler
                0x0000000008002718                SPI3_IRQHandler
                0x0000000008002718                DMA1_Stream4_IRQHandler
                0x0000000008002718                I2C1_ER_IRQHandler
                0x0000000008002718                FMC_IRQHandler
                0x0000000008002718                DMA2_Stream6_IRQHandler
                0x0000000008002718                SAI1_IRQHandler
                0x0000000008002718                DMA1_Stream3_IRQHandler
 *fill*         0x000000000800271a        0x2 
 .text.HAL_Init
                0x000000000800271c       0x44 ./Drivers/STM32F4xx_HAL_Driver/Src/stm32f4xx_hal.o
                0x000000000800271c                HAL_Init
 .text.HAL_IncTick
                0x0000000008002760       0x28 ./Drivers/STM32F4xx_HAL_Driver/Src/stm32f4xx_hal.o
                0x0000000008002760                HAL_IncTick
 .text.HAL_GetTick
                0x0000000008002788       0x18 ./Drivers/STM32F4xx_HAL_Driver/Src/stm32f4xx_hal.o
                0x0000000008002788                HAL_GetTick
 .text.__NVIC_SetPriorityGrouping
                0x00000000080027a0       0x48 ./Drivers/STM32F4xx_HAL_Driver/Src/stm32f4xx_hal_cortex.o
 .text.__NVIC_GetPriorityGrouping
                0x00000000080027e8       0x1c ./Drivers/STM32F4xx_HAL_Driver/Src/stm32f4xx_hal_cortex.o
 .text.__NVIC_EnableIRQ
                0x0000000008002804       0x3c ./Drivers/STM32F4xx_HAL_Driver/Src/stm32f4xx_hal_cortex.o
 .text.__NVIC_SetPriority
                0x0000000008002840       0x54 ./Drivers/STM32F4xx_HAL_Driver/Src/stm32f4xx_hal_cortex.o
 .text.NVIC_EncodePriority
                0x0000000008002894       0x66 ./Drivers/STM32F4xx_HAL_Driver/Src/stm32f4xx_hal_cortex.o
 .text.HAL_NVIC_SetPriorityGrouping
                0x00000000080028fa       0x16 ./Drivers/STM32F4xx_HAL_Driver/Src/stm32f4xx_hal_cortex.o
                0x00000000080028fa                HAL_NVIC_SetPriorityGrouping
 .text.HAL_NVIC_SetPriority
                0x0000000008002910       0x38 ./Drivers/STM32F4xx_HAL_Driver/Src/stm32f4xx_hal_cortex.o
                0x0000000008002910                HAL_NVIC_SetPriority
 .text.HAL_NVIC_EnableIRQ
                0x0000000008002948       0x1c ./Drivers/STM32F4xx_HAL_Driver/Src/stm32f4xx_hal_cortex.o
                0x0000000008002948                HAL_NVIC_EnableIRQ
 .text.HAL_GPIO_Init
                0x0000000008002964      0x328 ./Drivers/STM32F4xx_HAL_Driver/Src/stm32f4xx_hal_gpio.o
                0x0000000008002964                HAL_GPIO_Init
 .text.HAL_GPIO_ReadPin
                0x0000000008002c8c       0x30 ./Drivers/STM32F4xx_HAL_Driver/Src/stm32f4xx_hal_gpio.o
                0x0000000008002c8c                HAL_GPIO_ReadPin
 .text.HAL_GPIO_WritePin
                0x0000000008002cbc       0x32 ./Drivers/STM32F4xx_HAL_Driver/Src/stm32f4xx_hal_gpio.o
                0x0000000008002cbc                HAL_GPIO_WritePin
 .text.HAL_GPIO_TogglePin
                0x0000000008002cee       0x34 ./Drivers/STM32F4xx_HAL_Driver/Src/stm32f4xx_hal_gpio.o
                0x0000000008002cee                HAL_GPIO_TogglePin
 *fill*         0x0000000008002d22        0x2 
 .text.HAL_I2C_Init
                0x0000000008002d24      0x288 ./Drivers/STM32F4xx_HAL_Driver/Src/stm32f4xx_hal_i2c.o
                0x0000000008002d24                HAL_I2C_Init
 .text.HAL_I2C_Mem_Write
                0x0000000008002fac      0x1f4 ./Drivers/STM32F4xx_HAL_Driver/Src/stm32f4xx_hal_i2c.o
                0x0000000008002fac                HAL_I2C_Mem_Write
 .text.HAL_I2C_Mem_Read
                0x00000000080031a0      0x44c ./Drivers/STM32F4xx_HAL_Driver/Src/stm32f4xx_hal_i2c.o
                0x00000000080031a0                HAL_I2C_Mem_Read
 .text.I2C_RequestMemoryWrite
                0x00000000080035ec      0x12c ./Drivers/STM32F4xx_HAL_Driver/Src/stm32f4xx_hal_i2c.o
 .text.I2C_RequestMemoryRead
                0x0000000008003718      0x1d0 ./Drivers/STM32F4xx_HAL_Driver/Src/stm32f4xx_hal_i2c.o
 .text.I2C_WaitOnFlagUntilTimeout
                0x00000000080038e8       0xae ./Drivers/STM32F4xx_HAL_Driver/Src/stm32f4xx_hal_i2c.o
 .text.I2C_WaitOnMasterAddressFlagUntilTimeout
                0x0000000008003996       0xfe ./Drivers/STM32F4xx_HAL_Driver/Src/stm32f4xx_hal_i2c.o
 .text.I2C_WaitOnTXEFlagUntilTimeout
                0x0000000008003a94       0x82 ./Drivers/STM32F4xx_HAL_Driver/Src/stm32f4xx_hal_i2c.o
 .text.I2C_WaitOnBTFFlagUntilTimeout
                0x0000000008003b16       0x82 ./Drivers/STM32F4xx_HAL_Driver/Src/stm32f4xx_hal_i2c.o
 .text.I2C_WaitOnRXNEFlagUntilTimeout
                0x0000000008003b98       0xac ./Drivers/STM32F4xx_HAL_Driver/Src/stm32f4xx_hal_i2c.o
 .text.I2C_IsAcknowledgeFailed
                0x0000000008003c44       0x5e ./Drivers/STM32F4xx_HAL_Driver/Src/stm32f4xx_hal_i2c.o
 *fill*         0x0000000008003ca2        0x2 
 .text.HAL_RCC_ClockConfig
                0x0000000008003ca4      0x1cc ./Drivers/STM32F4xx_HAL_Driver/Src/stm32f4xx_hal_rcc.o
                0x0000000008003ca4                HAL_RCC_ClockConfig
 .text.HAL_RCC_GetHCLKFreq
                0x0000000008003e70       0x18 ./Drivers/STM32F4xx_HAL_Driver/Src/stm32f4xx_hal_rcc.o
                0x0000000008003e70                HAL_RCC_GetHCLKFreq
 .text.HAL_RCC_GetPCLK1Freq
                0x0000000008003e88       0x28 ./Drivers/STM32F4xx_HAL_Driver/Src/stm32f4xx_hal_rcc.o
                0x0000000008003e88                HAL_RCC_GetPCLK1Freq
 .text.HAL_RCC_GetPCLK2Freq
                0x0000000008003eb0       0x28 ./Drivers/STM32F4xx_HAL_Driver/Src/stm32f4xx_hal_rcc.o
                0x0000000008003eb0                HAL_RCC_GetPCLK2Freq
 .text.HAL_RCC_GetClockConfig
                0x0000000008003ed8       0x64 ./Drivers/STM32F4xx_HAL_Driver/Src/stm32f4xx_hal_rcc.o
                0x0000000008003ed8                HAL_RCC_GetClockConfig
 .text.HAL_RCCEx_PeriphCLKConfig
                0x0000000008003f3c      0x654 ./Drivers/STM32F4xx_HAL_Driver/Src/stm32f4xx_hal_rcc_ex.o
                0x0000000008003f3c                HAL_RCCEx_PeriphCLKConfig
 .text.HAL_RCC_GetSysClockFreq
                0x0000000008004590      0x460 ./Drivers/STM32F4xx_HAL_Driver/Src/stm32f4xx_hal_rcc_ex.o
                0x0000000008004590                HAL_RCC_GetSysClockFreq
 .text.HAL_RCC_OscConfig
                0x00000000080049f0      0x53c ./Drivers/STM32F4xx_HAL_Driver/Src/stm32f4xx_hal_rcc_ex.o
                0x00000000080049f0                HAL_RCC_OscConfig
 .text.HAL_SPI_Init
                0x0000000008004f2c      0x112 ./Drivers/STM32F4xx_HAL_Driver/Src/stm32f4xx_hal_spi.o
                0x0000000008004f2c                HAL_SPI_Init
 .text.HAL_SPI_Transmit
                0x000000000800503e      0x278 ./Drivers/STM32F4xx_HAL_Driver/Src/stm32f4xx_hal_spi.o
                0x000000000800503e                HAL_SPI_Transmit
 .text.HAL_SPI_Receive
                0x00000000080052b6      0x222 ./Drivers/STM32F4xx_HAL_Driver/Src/stm32f4xx_hal_spi.o
                0x00000000080052b6                HAL_SPI_Receive
 .text.HAL_SPI_TransmitReceive
                0x00000000080054d8      0x344 ./Drivers/STM32F4xx_HAL_Driver/Src/stm32f4xx_hal_spi.o
                0x00000000080054d8                HAL_SPI_TransmitReceive
 .text.SPI_WaitFlagStateUntilTimeout
                0x000000000800581c      0x110 ./Drivers/STM32F4xx_HAL_Driver/Src/stm32f4xx_hal_spi.o
 .text.SPI_EndRxTransaction
                0x000000000800592c       0xca ./Drivers/STM32F4xx_HAL_Driver/Src/stm32f4xx_hal_spi.o
 *fill*         0x00000000080059f6        0x2 
 .text.SPI_EndRxTxTransaction
                0x00000000080059f8       0x84 ./Drivers/STM32F4xx_HAL_Driver/Src/stm32f4xx_hal_spi.o
 .text.HAL_TIM_Base_Init
                0x0000000008005a7c       0x9e ./Drivers/STM32F4xx_HAL_Driver/Src/stm32f4xx_hal_tim.o
                0x0000000008005a7c                HAL_TIM_Base_Init
 *fill*         0x0000000008005b1a        0x2 
 .text.HAL_TIM_Base_Start
                0x0000000008005b1c       0xd0 ./Drivers/STM32F4xx_HAL_Driver/Src/stm32f4xx_hal_tim.o
                0x0000000008005b1c                HAL_TIM_Base_Start
 .text.HAL_TIM_Base_Start_IT
                0x0000000008005bec       0xe0 ./Drivers/STM32F4xx_HAL_Driver/Src/stm32f4xx_hal_tim.o
                0x0000000008005bec                HAL_TIM_Base_Start_IT
 .text.HAL_TIM_PWM_Init
                0x0000000008005ccc       0x9e ./Drivers/STM32F4xx_HAL_Driver/Src/stm32f4xx_hal_tim.o
                0x0000000008005ccc                HAL_TIM_PWM_Init
 .text.HAL_TIM_PWM_MspInit
                0x0000000008005d6a       0x14 ./Drivers/STM32F4xx_HAL_Driver/Src/stm32f4xx_hal_tim.o
                0x0000000008005d6a                HAL_TIM_PWM_MspInit
 *fill*         0x0000000008005d7e        0x2 
 .text.HAL_TIM_PWM_Start
                0x0000000008005d80      0x190 ./Drivers/STM32F4xx_HAL_Driver/Src/stm32f4xx_hal_tim.o
                0x0000000008005d80                HAL_TIM_PWM_Start
 .text.HAL_TIM_IRQHandler
                0x0000000008005f10      0x210 ./Drivers/STM32F4xx_HAL_Driver/Src/stm32f4xx_hal_tim.o
                0x0000000008005f10                HAL_TIM_IRQHandler
 .text.HAL_TIM_PWM_ConfigChannel
                0x0000000008006120      0x184 ./Drivers/STM32F4xx_HAL_Driver/Src/stm32f4xx_hal_tim.o
                0x0000000008006120                HAL_TIM_PWM_ConfigChannel
 .text.HAL_TIM_ConfigClockSource
                0x00000000080062a4      0x18e ./Drivers/STM32F4xx_HAL_Driver/Src/stm32f4xx_hal_tim.o
                0x00000000080062a4                HAL_TIM_ConfigClockSource
 .text.HAL_TIM_OC_DelayElapsedCallback
                0x0000000008006432       0x14 ./Drivers/STM32F4xx_HAL_Driver/Src/stm32f4xx_hal_tim.o
                0x0000000008006432                HAL_TIM_OC_DelayElapsedCallback
 .text.HAL_TIM_IC_CaptureCallback
                0x0000000008006446       0x14 ./Drivers/STM32F4xx_HAL_Driver/Src/stm32f4xx_hal_tim.o
                0x0000000008006446                HAL_TIM_IC_CaptureCallback
 .text.HAL_TIM_PWM_PulseFinishedCallback
                0x000000000800645a       0x14 ./Drivers/STM32F4xx_HAL_Driver/Src/stm32f4xx_hal_tim.o
                0x000000000800645a                HAL_TIM_PWM_PulseFinishedCallback
 .text.HAL_TIM_TriggerCallback
                0x000000000800646e       0x14 ./Drivers/STM32F4xx_HAL_Driver/Src/stm32f4xx_hal_tim.o
                0x000000000800646e                HAL_TIM_TriggerCallback
 *fill*         0x0000000008006482        0x2 
 .text.TIM_Base_SetConfig
                0x0000000008006484      0x140 ./Drivers/STM32F4xx_HAL_Driver/Src/stm32f4xx_hal_tim.o
                0x0000000008006484                TIM_Base_SetConfig
 .text.TIM_OC1_SetConfig
                0x00000000080065c4       0xe0 ./Drivers/STM32F4xx_HAL_Driver/Src/stm32f4xx_hal_tim.o
 .text.TIM_OC2_SetConfig
                0x00000000080066a4       0xec ./Drivers/STM32F4xx_HAL_Driver/Src/stm32f4xx_hal_tim.o
                0x00000000080066a4                TIM_OC2_SetConfig
 .text.TIM_OC3_SetConfig
                0x0000000008006790       0xe8 ./Drivers/STM32F4xx_HAL_Driver/Src/stm32f4xx_hal_tim.o
 .text.TIM_OC4_SetConfig
                0x0000000008006878       0xac ./Drivers/STM32F4xx_HAL_Driver/Src/stm32f4xx_hal_tim.o
 .text.TIM_TI1_ConfigInputStage
                0x0000000008006924       0x5e ./Drivers/STM32F4xx_HAL_Driver/Src/stm32f4xx_hal_tim.o
 .text.TIM_TI2_ConfigInputStage
                0x0000000008006982       0x60 ./Drivers/STM32F4xx_HAL_Driver/Src/stm32f4xx_hal_tim.o
 .text.TIM_ITRx_SetConfig
                0x00000000080069e2       0x36 ./Drivers/STM32F4xx_HAL_Driver/Src/stm32f4xx_hal_tim.o
 .text.TIM_ETR_SetConfig
                0x0000000008006a18       0x40 ./Drivers/STM32F4xx_HAL_Driver/Src/stm32f4xx_hal_tim.o
                0x0000000008006a18                TIM_ETR_SetConfig
 .text.TIM_CCxChannelCmd
                0x0000000008006a58       0x4a ./Drivers/STM32F4xx_HAL_Driver/Src/stm32f4xx_hal_tim.o
                0x0000000008006a58                TIM_CCxChannelCmd
 *fill*         0x0000000008006aa2        0x2 
 .text.HAL_TIMEx_MasterConfigSynchronization
                0x0000000008006aa4       0xf8 ./Drivers/STM32F4xx_HAL_Driver/Src/stm32f4xx_hal_tim_ex.o
                0x0000000008006aa4                HAL_TIMEx_MasterConfigSynchronization
 .text.HAL_TIMEx_ConfigBreakDeadTime
                0x0000000008006b9c       0xa4 ./Drivers/STM32F4xx_HAL_Driver/Src/stm32f4xx_hal_tim_ex.o
                0x0000000008006b9c                HAL_TIMEx_ConfigBreakDeadTime
 .text.HAL_TIMEx_CommutCallback
                0x0000000008006c40       0x14 ./Drivers/STM32F4xx_HAL_Driver/Src/stm32f4xx_hal_tim_ex.o
                0x0000000008006c40                HAL_TIMEx_CommutCallback
 .text.HAL_TIMEx_BreakCallback
                0x0000000008006c54       0x14 ./Drivers/STM32F4xx_HAL_Driver/Src/stm32f4xx_hal_tim_ex.o
                0x0000000008006c54                HAL_TIMEx_BreakCallback
 .text.HAL_UART_Init
                0x0000000008006c68       0x9a ./Drivers/STM32F4xx_HAL_Driver/Src/stm32f4xx_hal_uart.o
                0x0000000008006c68                HAL_UART_Init
 *fill*         0x0000000008006d02        0x2 
 .text.UART_SetConfig
                0x0000000008006d04      0x4e8 ./Drivers/STM32F4xx_HAL_Driver/Src/stm32f4xx_hal_uart.o
 .text.vListInitialise
                0x00000000080071ec       0x40 ./Middlewares/Third_Party/FreeRTOS/Source/list.o
                0x00000000080071ec                vListInitialise
 .text.vListInitialiseItem
                0x000000000800722c       0x1a ./Middlewares/Third_Party/FreeRTOS/Source/list.o
                0x000000000800722c                vListInitialiseItem
 .text.vListInsertEnd
                0x0000000008007246       0x48 ./Middlewares/Third_Party/FreeRTOS/Source/list.o
                0x0000000008007246                vListInsertEnd
 .text.vListInsert
                0x000000000800728e       0x72 ./Middlewares/Third_Party/FreeRTOS/Source/list.o
                0x000000000800728e                vListInsert
 .text.uxListRemove
                0x0000000008007300       0x54 ./Middlewares/Third_Party/FreeRTOS/Source/list.o
                0x0000000008007300                uxListRemove
 .text.xQueueGenericReset
                0x0000000008007354       0xd0 ./Middlewares/Third_Party/FreeRTOS/Source/queue.o
                0x0000000008007354                xQueueGenericReset
 .text.xQueueGenericCreate
                0x0000000008007424       0x74 ./Middlewares/Third_Party/FreeRTOS/Source/queue.o
                0x0000000008007424                xQueueGenericCreate
 .text.prvInitialiseNewQueue
                0x0000000008007498       0x3e ./Middlewares/Third_Party/FreeRTOS/Source/queue.o
 .text.prvInitialiseMutex
                0x00000000080074d6       0x34 ./Middlewares/Third_Party/FreeRTOS/Source/queue.o
 .text.xQueueCreateMutex
                0x000000000800750a       0x30 ./Middlewares/Third_Party/FreeRTOS/Source/queue.o
                0x000000000800750a                xQueueCreateMutex
 *fill*         0x000000000800753a        0x2 
 .text.xQueueGenericSend
                0x000000000800753c      0x1fc ./Middlewares/Third_Party/FreeRTOS/Source/queue.o
                0x000000000800753c                xQueueGenericSend
 .text.xQueueSemaphoreTake
                0x0000000008007738      0x218 ./Middlewares/Third_Party/FreeRTOS/Source/queue.o
                0x0000000008007738                xQueueSemaphoreTake
 .text.prvGetDisinheritPriorityAfterTimeout
                0x0000000008007950       0x30 ./Middlewares/Third_Party/FreeRTOS/Source/queue.o
 .text.prvCopyDataToQueue
                0x0000000008007980       0xd4 ./Middlewares/Third_Party/FreeRTOS/Source/queue.o
 .text.prvUnlockQueue
                0x0000000008007a54       0xa4 ./Middlewares/Third_Party/FreeRTOS/Source/queue.o
 .text.prvIsQueueEmpty
                0x0000000008007af8       0x2c ./Middlewares/Third_Party/FreeRTOS/Source/queue.o
 .text.prvIsQueueFull
                0x0000000008007b24       0x30 ./Middlewares/Third_Party/FreeRTOS/Source/queue.o
 .text.xTaskCreateStatic
                0x0000000008007b54       0xba ./Middlewares/Third_Party/FreeRTOS/Source/tasks.o
                0x0000000008007b54                xTaskCreateStatic
 .text.xTaskCreate
                0x0000000008007c0e       0x8a ./Middlewares/Third_Party/FreeRTOS/Source/tasks.o
                0x0000000008007c0e                xTaskCreate
 .text.prvInitialiseNewTask
                0x0000000008007c98      0x13c ./Middlewares/Third_Party/FreeRTOS/Source/tasks.o
 .text.prvAddNewTaskToReadyList
                0x0000000008007dd4       0xd4 ./Middlewares/Third_Party/FreeRTOS/Source/tasks.o
 .text.vTaskDelayUntil
                0x0000000008007ea8       0xfc ./Middlewares/Third_Party/FreeRTOS/Source/tasks.o
                0x0000000008007ea8                vTaskDelayUntil
 .text.vTaskDelay
                0x0000000008007fa4       0x68 ./Middlewares/Third_Party/FreeRTOS/Source/tasks.o
                0x0000000008007fa4                vTaskDelay
 .text.vTaskStartScheduler
                0x000000000800800c       0xd4 ./Middlewares/Third_Party/FreeRTOS/Source/tasks.o
                0x000000000800800c                vTaskStartScheduler
 .text.vTaskSuspendAll
                0x00000000080080e0       0x1c ./Middlewares/Third_Party/FreeRTOS/Source/tasks.o
                0x00000000080080e0                vTaskSuspendAll
 .text.xTaskResumeAll
                0x00000000080080fc      0x138 ./Middlewares/Third_Party/FreeRTOS/Source/tasks.o
                0x00000000080080fc                xTaskResumeAll
 .text.xTaskGetTickCount
                0x0000000008008234       0x20 ./Middlewares/Third_Party/FreeRTOS/Source/tasks.o
                0x0000000008008234                xTaskGetTickCount
 .text.xTaskIncrementTick
                0x0000000008008254      0x170 ./Middlewares/Third_Party/FreeRTOS/Source/tasks.o
                0x0000000008008254                xTaskIncrementTick
 .text.vTaskSwitchContext
                0x00000000080083c4       0xc4 ./Middlewares/Third_Party/FreeRTOS/Source/tasks.o
                0x00000000080083c4                vTaskSwitchContext
 .text.vTaskPlaceOnEventList
                0x0000000008008488       0x48 ./Middlewares/Third_Party/FreeRTOS/Source/tasks.o
                0x0000000008008488                vTaskPlaceOnEventList
 .text.xTaskRemoveFromEventList
                0x00000000080084d0       0xc4 ./Middlewares/Third_Party/FreeRTOS/Source/tasks.o
                0x00000000080084d0                xTaskRemoveFromEventList
 .text.vTaskInternalSetTimeOutState
                0x0000000008008594       0x2c ./Middlewares/Third_Party/FreeRTOS/Source/tasks.o
                0x0000000008008594                vTaskInternalSetTimeOutState
 .text.xTaskCheckForTimeOut
                0x00000000080085c0       0xc4 ./Middlewares/Third_Party/FreeRTOS/Source/tasks.o
                0x00000000080085c0                xTaskCheckForTimeOut
 .text.vTaskMissedYield
                0x0000000008008684       0x18 ./Middlewares/Third_Party/FreeRTOS/Source/tasks.o
                0x0000000008008684                vTaskMissedYield
 .text.prvIdleTask
                0x000000000800869c       0x30 ./Middlewares/Third_Party/FreeRTOS/Source/tasks.o
 .text.prvInitialiseTaskLists
                0x00000000080086cc       0x80 ./Middlewares/Third_Party/FreeRTOS/Source/tasks.o
 .text.prvCheckTasksWaitingTermination
                0x000000000800874c       0x5c ./Middlewares/Third_Party/FreeRTOS/Source/tasks.o
 .text.prvDeleteTCB
                0x00000000080087a8       0x68 ./Middlewares/Third_Party/FreeRTOS/Source/tasks.o
 .text.prvResetNextTaskUnblockTime
                0x0000000008008810       0x40 ./Middlewares/Third_Party/FreeRTOS/Source/tasks.o
 .text.xTaskGetSchedulerState
                0x0000000008008850       0x3c ./Middlewares/Third_Party/FreeRTOS/Source/tasks.o
                0x0000000008008850                xTaskGetSchedulerState
 .text.xTaskPriorityInherit
                0x000000000800888c       0xec ./Middlewares/Third_Party/FreeRTOS/Source/tasks.o
                0x000000000800888c                xTaskPriorityInherit
 .text.xTaskPriorityDisinherit
                0x0000000008008978      0x10c ./Middlewares/Third_Party/FreeRTOS/Source/tasks.o
                0x0000000008008978                xTaskPriorityDisinherit
 .text.vTaskPriorityDisinheritAfterTimeout
                0x0000000008008a84      0x11c ./Middlewares/Third_Party/FreeRTOS/Source/tasks.o
                0x0000000008008a84                vTaskPriorityDisinheritAfterTimeout
 .text.pvTaskIncrementMutexHeldCount
                0x0000000008008ba0       0x28 ./Middlewares/Third_Party/FreeRTOS/Source/tasks.o
                0x0000000008008ba0                pvTaskIncrementMutexHeldCount
 .text.prvAddCurrentTaskToDelayedList
                0x0000000008008bc8       0xcc ./Middlewares/Third_Party/FreeRTOS/Source/tasks.o
 .text.pxPortInitialiseStack
                0x0000000008008c94       0x68 ./Middlewares/Third_Party/FreeRTOS/Source/portable/GCC/ARM_CM4F/port.o
                0x0000000008008c94                pxPortInitialiseStack
 .text.prvTaskExitError
                0x0000000008008cfc       0x58 ./Middlewares/Third_Party/FreeRTOS/Source/portable/GCC/ARM_CM4F/port.o
 *fill*         0x0000000008008d54        0xc 
 .text.SVC_Handler
                0x0000000008008d60       0x28 ./Middlewares/Third_Party/FreeRTOS/Source/portable/GCC/ARM_CM4F/port.o
                0x0000000008008d60                SVC_Handler
 .text.prvPortStartFirstTask
                0x0000000008008d88       0x28 ./Middlewares/Third_Party/FreeRTOS/Source/portable/GCC/ARM_CM4F/port.o
 .text.xPortStartScheduler
                0x0000000008008db0      0x144 ./Middlewares/Third_Party/FreeRTOS/Source/portable/GCC/ARM_CM4F/port.o
                0x0000000008008db0                xPortStartScheduler
 .text.vPortEnterCritical
                0x0000000008008ef4       0x60 ./Middlewares/Third_Party/FreeRTOS/Source/portable/GCC/ARM_CM4F/port.o
                0x0000000008008ef4                vPortEnterCritical
 .text.vPortExitCritical
                0x0000000008008f54       0x54 ./Middlewares/Third_Party/FreeRTOS/Source/portable/GCC/ARM_CM4F/port.o
                0x0000000008008f54                vPortExitCritical
 *fill*         0x0000000008008fa8        0x8 
 .text.PendSV_Handler
                0x0000000008008fb0       0x68 ./Middlewares/Third_Party/FreeRTOS/Source/portable/GCC/ARM_CM4F/port.o
                0x0000000008008fb0                PendSV_Handler
 .text.SysTick_Handler
                0x0000000008009018       0x44 ./Middlewares/Third_Party/FreeRTOS/Source/portable/GCC/ARM_CM4F/port.o
                0x0000000008009018                SysTick_Handler
 .text.vPortSetupTimerInterrupt
                0x000000000800905c       0x48 ./Middlewares/Third_Party/FreeRTOS/Source/portable/GCC/ARM_CM4F/port.o
                0x000000000800905c                vPortSetupTimerInterrupt
 .text.vPortEnableVFP
                0x00000000080090a4       0x14 ./Middlewares/Third_Party/FreeRTOS/Source/portable/GCC/ARM_CM4F/port.o
 .text.pvPortMalloc
                0x00000000080090b8      0x198 ./Middlewares/Third_Party/FreeRTOS/Source/portable/MemMang/heap_4.o
                0x00000000080090b8                pvPortMalloc
 .text.vPortFree
                0x0000000008009250       0xc4 ./Middlewares/Third_Party/FreeRTOS/Source/portable/MemMang/heap_4.o
                0x0000000008009250                vPortFree
 .text.prvHeapInit
                0x0000000008009314       0xc4 ./Middlewares/Third_Party/FreeRTOS/Source/portable/MemMang/heap_4.o
 .text.prvInsertBlockIntoFreeList
                0x00000000080093d8       0xb4 ./Middlewares/Third_Party/FreeRTOS/Source/portable/MemMang/heap_4.o
 .text.__libc_init_array
                0x000000000800948c       0x48 c:/st/stm32cubeide_1.10.1/stm32cubeide/plugins/com.st.stm32cube.ide.mcu.externaltools.gnu-tools-for-stm32.10.3-2021.10.win32_1.0.0.202111181127/tools/bin/../lib/gcc/arm-none-eabi/10.3.1/../../../../arm-none-eabi/lib/thumb/v7e-m+fp/hard\libc_nano.a(lib_a-init.o)
                0x000000000800948c                __libc_init_array
 .text.__retarget_lock_acquire_recursive
                0x00000000080094d4        0x2 c:/st/stm32cubeide_1.10.1/stm32cubeide/plugins/com.st.stm32cube.ide.mcu.externaltools.gnu-tools-for-stm32.10.3-2021.10.win32_1.0.0.202111181127/tools/bin/../lib/gcc/arm-none-eabi/10.3.1/../../../../arm-none-eabi/lib/thumb/v7e-m+fp/hard\libc_nano.a(lib_a-lock.o)
                0x00000000080094d4                __retarget_lock_acquire_recursive
 .text.__retarget_lock_release_recursive
                0x00000000080094d6        0x2 c:/st/stm32cubeide_1.10.1/stm32cubeide/plugins/com.st.stm32cube.ide.mcu.externaltools.gnu-tools-for-stm32.10.3-2021.10.win32_1.0.0.202111181127/tools/bin/../lib/gcc/arm-none-eabi/10.3.1/../../../../arm-none-eabi/lib/thumb/v7e-m+fp/hard\libc_nano.a(lib_a-lock.o)
                0x00000000080094d6                __retarget_lock_release_recursive
 .text.memcpy   0x00000000080094d8       0x1c c:/st/stm32cubeide_1.10.1/stm32cubeide/plugins/com.st.stm32cube.ide.mcu.externaltools.gnu-tools-for-stm32.10.3-2021.10.win32_1.0.0.202111181127/tools/bin/../lib/gcc/arm-none-eabi/10.3.1/../../../../arm-none-eabi/lib/thumb/v7e-m+fp/hard\libc_nano.a(lib_a-memcpy-stub.o)
                0x00000000080094d8                memcpy
 .text.memset   0x00000000080094f4       0x10 c:/st/stm32cubeide_1.10.1/stm32cubeide/plugins/com.st.stm32cube.ide.mcu.externaltools.gnu-tools-for-stm32.10.3-2021.10.win32_1.0.0.202111181127/tools/bin/../lib/gcc/arm-none-eabi/10.3.1/../../../../arm-none-eabi/lib/thumb/v7e-m+fp/hard\libc_nano.a(lib_a-memset.o)
                0x00000000080094f4                memset
 .text._free_r  0x0000000008009504       0x98 c:/st/stm32cubeide_1.10.1/stm32cubeide/plugins/com.st.stm32cube.ide.mcu.externaltools.gnu-tools-for-stm32.10.3-2021.10.win32_1.0.0.202111181127/tools/bin/../lib/gcc/arm-none-eabi/10.3.1/../../../../arm-none-eabi/lib/thumb/v7e-m+fp/hard\libc_nano.a(lib_a-nano-freer.o)
                0x0000000008009504                _free_r
 .text.cleanup_glue
                0x000000000800959c       0x1a c:/st/stm32cubeide_1.10.1/stm32cubeide/plugins/com.st.stm32cube.ide.mcu.externaltools.gnu-tools-for-stm32.10.3-2021.10.win32_1.0.0.202111181127/tools/bin/../lib/gcc/arm-none-eabi/10.3.1/../../../../arm-none-eabi/lib/thumb/v7e-m+fp/hard\libc_nano.a(lib_a-reent.o)
                0x000000000800959c                cleanup_glue
 *fill*         0x00000000080095b6        0x2 
 .text._reclaim_reent
                0x00000000080095b8       0xb8 c:/st/stm32cubeide_1.10.1/stm32cubeide/plugins/com.st.stm32cube.ide.mcu.externaltools.gnu-tools-for-stm32.10.3-2021.10.win32_1.0.0.202111181127/tools/bin/../lib/gcc/arm-none-eabi/10.3.1/../../../../arm-none-eabi/lib/thumb/v7e-m+fp/hard\libc_nano.a(lib_a-reent.o)
                0x00000000080095b8                _reclaim_reent
 .text.__malloc_lock
                0x0000000008009670        0xc c:/st/stm32cubeide_1.10.1/stm32cubeide/plugins/com.st.stm32cube.ide.mcu.externaltools.gnu-tools-for-stm32.10.3-2021.10.win32_1.0.0.202111181127/tools/bin/../lib/gcc/arm-none-eabi/10.3.1/../../../../arm-none-eabi/lib/thumb/v7e-m+fp/hard\libc_nano.a(lib_a-mlock.o)
                0x0000000008009670                __malloc_lock
 .text.__malloc_unlock
                0x000000000800967c        0xc c:/st/stm32cubeide_1.10.1/stm32cubeide/plugins/com.st.stm32cube.ide.mcu.externaltools.gnu-tools-for-stm32.10.3-2021.10.win32_1.0.0.202111181127/tools/bin/../lib/gcc/arm-none-eabi/10.3.1/../../../../arm-none-eabi/lib/thumb/v7e-m+fp/hard\libc_nano.a(lib_a-mlock.o)
                0x000000000800967c                __malloc_unlock
 *(.glue_7)
 .glue_7        0x0000000008009688        0x0 linker stubs
 *(.glue_7t)
 .glue_7t       0x0000000008009688        0x0 linker stubs
 *(.eh_frame)
 .eh_frame      0x0000000008009688        0x0 c:/st/stm32cubeide_1.10.1/stm32cubeide/plugins/com.st.stm32cube.ide.mcu.externaltools.gnu-tools-for-stm32.10.3-2021.10.win32_1.0.0.202111181127/tools/bin/../lib/gcc/arm-none-eabi/10.3.1/thumb/v7e-m+fp/hard/crtbegin.o
 *(.init)
 .init          0x0000000008009688        0x4 c:/st/stm32cubeide_1.10.1/stm32cubeide/plugins/com.st.stm32cube.ide.mcu.externaltools.gnu-tools-for-stm32.10.3-2021.10.win32_1.0.0.202111181127/tools/bin/../lib/gcc/arm-none-eabi/10.3.1/thumb/v7e-m+fp/hard/crti.o
                0x0000000008009688                _init
 .init          0x000000000800968c        0x8 c:/st/stm32cubeide_1.10.1/stm32cubeide/plugins/com.st.stm32cube.ide.mcu.externaltools.gnu-tools-for-stm32.10.3-2021.10.win32_1.0.0.202111181127/tools/bin/../lib/gcc/arm-none-eabi/10.3.1/thumb/v7e-m+fp/hard/crtn.o
 *(.fini)
 .fini          0x0000000008009694        0x4 c:/st/stm32cubeide_1.10.1/stm32cubeide/plugins/com.st.stm32cube.ide.mcu.externaltools.gnu-tools-for-stm32.10.3-2021.10.win32_1.0.0.202111181127/tools/bin/../lib/gcc/arm-none-eabi/10.3.1/thumb/v7e-m+fp/hard/crti.o
                0x0000000008009694                _fini
 .fini          0x0000000008009698        0x8 c:/st/stm32cubeide_1.10.1/stm32cubeide/plugins/com.st.stm32cube.ide.mcu.externaltools.gnu-tools-for-stm32.10.3-2021.10.win32_1.0.0.202111181127/tools/bin/../lib/gcc/arm-none-eabi/10.3.1/thumb/v7e-m+fp/hard/crtn.o
                0x00000000080096a0                . = ALIGN (0x4)
                0x00000000080096a0                _etext = .

.vfp11_veneer   0x00000000080096a0        0x0
 .vfp11_veneer  0x00000000080096a0        0x0 linker stubs

.v4_bx          0x00000000080096a0        0x0
 .v4_bx         0x00000000080096a0        0x0 linker stubs

.iplt           0x00000000080096a0        0x0
 .iplt          0x00000000080096a0        0x0 c:/st/stm32cubeide_1.10.1/stm32cubeide/plugins/com.st.stm32cube.ide.mcu.externaltools.gnu-tools-for-stm32.10.3-2021.10.win32_1.0.0.202111181127/tools/bin/../lib/gcc/arm-none-eabi/10.3.1/thumb/v7e-m+fp/hard/crtbegin.o

.rodata         0x00000000080096a0       0xd0
                0x00000000080096a0                . = ALIGN (0x4)
 *(.rodata)
 .rodata        0x00000000080096a0        0x5 ./Core/Src/comms/nrf24.o
 *fill*         0x00000000080096a5        0x3 
 .rodata        0x00000000080096a8       0x47 ./Core/Src/main.o
 *fill*         0x00000000080096ef        0x1 
 .rodata        0x00000000080096f0        0x5 ./Middlewares/Third_Party/FreeRTOS/Source/tasks.o
 *(.rodata*)
 *fill*         0x00000000080096f5        0x3 
 .rodata.AHBPrescTable
                0x00000000080096f8       0x10 ./Core/Src/system_stm32f4xx.o
                0x00000000080096f8                AHBPrescTable
 .rodata.APBPrescTable
                0x0000000008009708        0x8 ./Core/Src/system_stm32f4xx.o
                0x0000000008009708                APBPrescTable
 .rodata.__sf_fake_stderr
                0x0000000008009710       0x20 c:/st/stm32cubeide_1.10.1/stm32cubeide/plugins/com.st.stm32cube.ide.mcu.externaltools.gnu-tools-for-stm32.10.3-2021.10.win32_1.0.0.202111181127/tools/bin/../lib/gcc/arm-none-eabi/10.3.1/../../../../arm-none-eabi/lib/thumb/v7e-m+fp/hard\libc_nano.a(lib_a-findfp.o)
                0x0000000008009710                __sf_fake_stderr
 .rodata.__sf_fake_stdin
                0x0000000008009730       0x20 c:/st/stm32cubeide_1.10.1/stm32cubeide/plugins/com.st.stm32cube.ide.mcu.externaltools.gnu-tools-for-stm32.10.3-2021.10.win32_1.0.0.202111181127/tools/bin/../lib/gcc/arm-none-eabi/10.3.1/../../../../arm-none-eabi/lib/thumb/v7e-m+fp/hard\libc_nano.a(lib_a-findfp.o)
                0x0000000008009730                __sf_fake_stdin
 .rodata.__sf_fake_stdout
                0x0000000008009750       0x20 c:/st/stm32cubeide_1.10.1/stm32cubeide/plugins/com.st.stm32cube.ide.mcu.externaltools.gnu-tools-for-stm32.10.3-2021.10.win32_1.0.0.202111181127/tools/bin/../lib/gcc/arm-none-eabi/10.3.1/../../../../arm-none-eabi/lib/thumb/v7e-m+fp/hard\libc_nano.a(lib_a-findfp.o)
                0x0000000008009750                __sf_fake_stdout
                0x0000000008009770                . = ALIGN (0x4)

.ARM.extab      0x0000000008009770        0x0
                0x0000000008009770                . = ALIGN (0x4)
 *(.ARM.extab* .gnu.linkonce.armextab.*)
                0x0000000008009770                . = ALIGN (0x4)

.ARM            0x0000000008009770        0x8
                0x0000000008009770                . = ALIGN (0x4)
                0x0000000008009770                __exidx_start = .
 *(.ARM.exidx*)
 .ARM.exidx     0x0000000008009770        0x8 c:/st/stm32cubeide_1.10.1/stm32cubeide/plugins/com.st.stm32cube.ide.mcu.externaltools.gnu-tools-for-stm32.10.3-2021.10.win32_1.0.0.202111181127/tools/bin/../lib/gcc/arm-none-eabi/10.3.1/thumb/v7e-m+fp/hard\libgcc.a(_udivmoddi4.o)
                0x0000000008009778                __exidx_end = .
                0x0000000008009778                . = ALIGN (0x4)

.rel.dyn        0x0000000008009778        0x0
 .rel.iplt      0x0000000008009778        0x0 c:/st/stm32cubeide_1.10.1/stm32cubeide/plugins/com.st.stm32cube.ide.mcu.externaltools.gnu-tools-for-stm32.10.3-2021.10.win32_1.0.0.202111181127/tools/bin/../lib/gcc/arm-none-eabi/10.3.1/thumb/v7e-m+fp/hard/crtbegin.o

.preinit_array  0x0000000008009778        0x0
                0x0000000008009778                . = ALIGN (0x4)
                0x0000000008009778                PROVIDE (__preinit_array_start = .)
 *(.preinit_array*)
                0x0000000008009778                PROVIDE (__preinit_array_end = .)
                0x0000000008009778                . = ALIGN (0x4)

.init_array     0x0000000008009778        0x4
                0x0000000008009778                . = ALIGN (0x4)
                0x0000000008009778                PROVIDE (__init_array_start = .)
 *(SORT_BY_NAME(.init_array.*))
 *(.init_array*)
 .init_array    0x0000000008009778        0x4 c:/st/stm32cubeide_1.10.1/stm32cubeide/plugins/com.st.stm32cube.ide.mcu.externaltools.gnu-tools-for-stm32.10.3-2021.10.win32_1.0.0.202111181127/tools/bin/../lib/gcc/arm-none-eabi/10.3.1/thumb/v7e-m+fp/hard/crtbegin.o
                0x000000000800977c                PROVIDE (__init_array_end = .)
                0x000000000800977c                . = ALIGN (0x4)

.fini_array     0x000000000800977c        0x4
                0x000000000800977c                . = ALIGN (0x4)
                [!provide]                        PROVIDE (__fini_array_start = .)
 *(SORT_BY_NAME(.fini_array.*))
 *(.fini_array*)
 .fini_array    0x000000000800977c        0x4 c:/st/stm32cubeide_1.10.1/stm32cubeide/plugins/com.st.stm32cube.ide.mcu.externaltools.gnu-tools-for-stm32.10.3-2021.10.win32_1.0.0.202111181127/tools/bin/../lib/gcc/arm-none-eabi/10.3.1/thumb/v7e-m+fp/hard/crtbegin.o
                [!provide]                        PROVIDE (__fini_array_end = .)
                0x0000000008009780                . = ALIGN (0x4)
                0x0000000008009780                _sidata = LOADADDR (.data)

.data           0x0000000020000000       0x80 load address 0x0000000008009780
                0x0000000020000000                . = ALIGN (0x4)
                0x0000000020000000                _sdata = .
 *(.data)
 *(.data*)
 .data._ZZN9actuators7BLHelis11Init_MotorsEvE5mc1_l
                0x0000000020000000        0x2 ./Core/Src/actuators/blhelis.o
 .data._ZZN9actuators7BLHelis11Init_MotorsEvE5mc1_h
                0x0000000020000002        0x2 ./Core/Src/actuators/blhelis.o
 .data._ZZN9actuators7BLHelis11Init_MotorsEvE10step_count
                0x0000000020000004        0x2 ./Core/Src/actuators/blhelis.o
 .data._ZZN9actuators7BLHelis11Init_MotorsEvE5delay
                0x0000000020000006        0x1 ./Core/Src/actuators/blhelis.o
 *fill*         0x0000000020000007        0x1 
 .data.SystemCoreClock
                0x0000000020000008        0x4 ./Core/Src/system_stm32f4xx.o
                0x0000000020000008                SystemCoreClock
 .data._ZZN7sensors6BNO05512configSensorEvE7op_mode
                0x000000002000000c        0x1 ./Core/Src/sensors/bno055.o
 *fill*         0x000000002000000d        0x3 
 .data.uwTickPrio
                0x0000000020000010        0x4 ./Drivers/STM32F4xx_HAL_Driver/Src/stm32f4xx_hal.o
                0x0000000020000010                uwTickPrio
 .data.uwTickFreq
                0x0000000020000014        0x1 ./Drivers/STM32F4xx_HAL_Driver/Src/stm32f4xx_hal.o
                0x0000000020000014                uwTickFreq
 *fill*         0x0000000020000015        0x3 
 .data.uxCriticalNesting
                0x0000000020000018        0x4 ./Middlewares/Third_Party/FreeRTOS/Source/portable/GCC/ARM_CM4F/port.o
 .data._impure_ptr
                0x000000002000001c        0x4 c:/st/stm32cubeide_1.10.1/stm32cubeide/plugins/com.st.stm32cube.ide.mcu.externaltools.gnu-tools-for-stm32.10.3-2021.10.win32_1.0.0.202111181127/tools/bin/../lib/gcc/arm-none-eabi/10.3.1/../../../../arm-none-eabi/lib/thumb/v7e-m+fp/hard\libc_nano.a(lib_a-impure.o)
                0x000000002000001c                _impure_ptr
 .data.impure_data
                0x0000000020000020       0x60 c:/st/stm32cubeide_1.10.1/stm32cubeide/plugins/com.st.stm32cube.ide.mcu.externaltools.gnu-tools-for-stm32.10.3-2021.10.win32_1.0.0.202111181127/tools/bin/../lib/gcc/arm-none-eabi/10.3.1/../../../../arm-none-eabi/lib/thumb/v7e-m+fp/hard\libc_nano.a(lib_a-impure.o)
 *(.RamFunc)
 *(.RamFunc*)
                0x0000000020000080                . = ALIGN (0x4)
                0x0000000020000080                _edata = .

.igot.plt       0x0000000020000080        0x0 load address 0x0000000008009800
 .igot.plt      0x0000000020000080        0x0 c:/st/stm32cubeide_1.10.1/stm32cubeide/plugins/com.st.stm32cube.ide.mcu.externaltools.gnu-tools-for-stm32.10.3-2021.10.win32_1.0.0.202111181127/tools/bin/../lib/gcc/arm-none-eabi/10.3.1/thumb/v7e-m+fp/hard/crtbegin.o
                0x0000000020000080                . = ALIGN (0x4)

.bss            0x0000000020000080     0x42a8 load address 0x0000000008009800
                0x0000000020000080                _sbss = .
                0x0000000020000080                __bss_start__ = _sbss
 *(.bss)
 .bss           0x0000000020000080       0x1c c:/st/stm32cubeide_1.10.1/stm32cubeide/plugins/com.st.stm32cube.ide.mcu.externaltools.gnu-tools-for-stm32.10.3-2021.10.win32_1.0.0.202111181127/tools/bin/../lib/gcc/arm-none-eabi/10.3.1/thumb/v7e-m+fp/hard/crtbegin.o
 *(.bss*)
 .bss._ZZN9actuators7BLHelis11Init_MotorsEvE3mc1
                0x000000002000009c        0x2 ./Core/Src/actuators/blhelis.o
 .bss._ZZN9actuators7BLHelis13actuateMotorsERN5state18QuadControlActionsEE5m1_sp
                0x000000002000009e        0x2 ./Core/Src/actuators/blhelis.o
 .bss._ZZN9actuators7BLHelis13actuateMotorsERN5state18QuadControlActionsEE5m2_sp
                0x00000000200000a0        0x2 ./Core/Src/actuators/blhelis.o
 .bss._ZZN9actuators7BLHelis13actuateMotorsERN5state18QuadControlActionsEE5m3_sp
                0x00000000200000a2        0x2 ./Core/Src/actuators/blhelis.o
 .bss._ZZN9actuators7BLHelis13actuateMotorsERN5state18QuadControlActionsEE5m4_sp
                0x00000000200000a4        0x2 ./Core/Src/actuators/blhelis.o
 .bss._ZZN14communications5NRF2413Read_RegisterEhPhE7command
                0x00000000200000a6        0x1 ./Core/Src/comms/nrf24.o
 .bss._ZZN14communications5NRF2414Write_RegisterEhPhE7command
                0x00000000200000a7        0x1 ./Core/Src/comms/nrf24.o
 .bss._ZZN14communications5NRF2416Read_MB_RegisterEhPhhE7command
                0x00000000200000a8        0x1 ./Core/Src/comms/nrf24.o
 .bss._ZZN14communications5NRF2417Write_MB_RegisterEhPhhE7command
                0x00000000200000a9        0x1 ./Core/Src/comms/nrf24.o
 *fill*         0x00000000200000aa        0x2 
 .bss._ZZN7control2PI10calcOutputEfE5error
                0x00000000200000ac        0x4 ./Core/Src/controllers/controllers.o
 .bss._ZZN7control2PI10calcOutputEfE6ierror
                0x00000000200000b0        0x4 ./Core/Src/controllers/controllers.o
 .bss.xIdleTaskTCBBuffer
                0x00000000200000b4       0xb4 ./Core/Src/freertos.o
 .bss.xIdleStack
                0x0000000020000168      0x200 ./Core/Src/freertos.o
 .bss.hi2c1     0x0000000020000368       0x54 ./Core/Src/main.o
                0x0000000020000368                hi2c1
 .bss.hspi2     0x00000000200003bc       0x58 ./Core/Src/main.o
                0x00000000200003bc                hspi2
 .bss.htim8     0x0000000020000414       0x48 ./Core/Src/main.o
                0x0000000020000414                htim8
 .bss.htim10    0x000000002000045c       0x48 ./Core/Src/main.o
                0x000000002000045c                htim10
 .bss.huart4    0x00000000200004a4       0x44 ./Core/Src/main.o
                0x00000000200004a4                huart4
 .bss.huart2    0x00000000200004e8       0x44 ./Core/Src/main.o
                0x00000000200004e8                huart2
 .bss._ZL7counter
                0x000000002000052c        0x4 ./Core/Src/main.o
 .bss.htim6     0x0000000020000530       0x48 ./Core/Src/stm32f4xx_hal_timebase_tim.o
                0x0000000020000530                htim6
 .bss._ZZN7sensors6BNO05521Read_IMU_Calib_StatusEvE5calib
                0x0000000020000578        0x1 ./Core/Src/sensors/bno055.o
 .bss._ZZN7sensors6BNO05521Read_IMU_Calib_StatusEvE10hal_status
                0x0000000020000579        0x1 ./Core/Src/sensors/bno055.o
 .bss._ZZN7sensors6BNO05517Read_Calib_ParamsEvE7axo_lsb
                0x000000002000057a        0x1 ./Core/Src/sensors/bno055.o
 .bss._ZZN7sensors6BNO05517Read_Calib_ParamsEvE7axo_msb
                0x000000002000057b        0x1 ./Core/Src/sensors/bno055.o
 .bss._ZZN7sensors6BNO05517Read_Calib_ParamsEvE7ayo_lsb
                0x000000002000057c        0x1 ./Core/Src/sensors/bno055.o
 .bss._ZZN7sensors6BNO05517Read_Calib_ParamsEvE7ayo_msb
                0x000000002000057d        0x1 ./Core/Src/sensors/bno055.o
 .bss._ZZN7sensors6BNO05517Read_Calib_ParamsEvE7azo_lsb
                0x000000002000057e        0x1 ./Core/Src/sensors/bno055.o
 .bss._ZZN7sensors6BNO05517Read_Calib_ParamsEvE7azo_msb
                0x000000002000057f        0x1 ./Core/Src/sensors/bno055.o
 .bss._ZZN7sensors6BNO05517Read_Calib_ParamsEvE7gxo_lsb
                0x0000000020000580        0x1 ./Core/Src/sensors/bno055.o
 .bss._ZZN7sensors6BNO05517Read_Calib_ParamsEvE7gxo_msb
                0x0000000020000581        0x1 ./Core/Src/sensors/bno055.o
 .bss._ZZN7sensors6BNO05517Read_Calib_ParamsEvE7gyo_lsb
                0x0000000020000582        0x1 ./Core/Src/sensors/bno055.o
 .bss._ZZN7sensors6BNO05517Read_Calib_ParamsEvE7gyo_msb
                0x0000000020000583        0x1 ./Core/Src/sensors/bno055.o
 .bss._ZZN7sensors6BNO05517Read_Calib_ParamsEvE7gzo_lsb
                0x0000000020000584        0x1 ./Core/Src/sensors/bno055.o
 .bss._ZZN7sensors6BNO05517Read_Calib_ParamsEvE7gzo_msb
                0x0000000020000585        0x1 ./Core/Src/sensors/bno055.o
 .bss._ZZN7sensors6BNO05517Read_Calib_ParamsEvE10hal_status
                0x0000000020000586        0x1 ./Core/Src/sensors/bno055.o
 .bss._ZZN7sensors6BNO0557readIMUEvE6ax_lsb
                0x0000000020000587        0x1 ./Core/Src/sensors/bno055.o
 .bss._ZZN7sensors6BNO0557readIMUEvE6ax_msb
                0x0000000020000588        0x1 ./Core/Src/sensors/bno055.o
 .bss._ZZN7sensors6BNO0557readIMUEvE6ay_lsb
                0x0000000020000589        0x1 ./Core/Src/sensors/bno055.o
 .bss._ZZN7sensors6BNO0557readIMUEvE6ay_msb
                0x000000002000058a        0x1 ./Core/Src/sensors/bno055.o
 .bss._ZZN7sensors6BNO0557readIMUEvE6az_lsb
                0x000000002000058b        0x1 ./Core/Src/sensors/bno055.o
 .bss._ZZN7sensors6BNO0557readIMUEvE6az_msb
                0x000000002000058c        0x1 ./Core/Src/sensors/bno055.o
 .bss._ZZN7sensors6BNO0557readIMUEvE6gx_lsb
                0x000000002000058d        0x1 ./Core/Src/sensors/bno055.o
 .bss._ZZN7sensors6BNO0557readIMUEvE6gx_msb
                0x000000002000058e        0x1 ./Core/Src/sensors/bno055.o
 .bss._ZZN7sensors6BNO0557readIMUEvE6gy_lsb
                0x000000002000058f        0x1 ./Core/Src/sensors/bno055.o
 .bss._ZZN7sensors6BNO0557readIMUEvE6gy_msb
                0x0000000020000590        0x1 ./Core/Src/sensors/bno055.o
 .bss._ZZN7sensors6BNO0557readIMUEvE6gz_lsb
                0x0000000020000591        0x1 ./Core/Src/sensors/bno055.o
 .bss._ZZN7sensors6BNO0557readIMUEvE6gz_msb
                0x0000000020000592        0x1 ./Core/Src/sensors/bno055.o
 *fill*         0x0000000020000593        0x1 
 .bss._ZZN7sensors6BNO0557readIMUEvE8sample_i
                0x0000000020000594       0x30 ./Core/Src/sensors/bno055.o
 .bss._ZZN7sensors6BNO0557readIMUEvE10hal_status
                0x00000000200005c4        0x1 ./Core/Src/sensors/bno055.o
 *fill*         0x00000000200005c5        0x3 
 .bss.uwTick    0x00000000200005c8        0x4 ./Drivers/STM32F4xx_HAL_Driver/Src/stm32f4xx_hal.o
                0x00000000200005c8                uwTick
 .bss.pxCurrentTCB
                0x00000000200005cc        0x4 ./Middlewares/Third_Party/FreeRTOS/Source/tasks.o
                0x00000000200005cc                pxCurrentTCB
 .bss.pxReadyTasksLists
                0x00000000200005d0       0x8c ./Middlewares/Third_Party/FreeRTOS/Source/tasks.o
 .bss.xDelayedTaskList1
                0x000000002000065c       0x14 ./Middlewares/Third_Party/FreeRTOS/Source/tasks.o
 .bss.xDelayedTaskList2
                0x0000000020000670       0x14 ./Middlewares/Third_Party/FreeRTOS/Source/tasks.o
 .bss.pxDelayedTaskList
                0x0000000020000684        0x4 ./Middlewares/Third_Party/FreeRTOS/Source/tasks.o
 .bss.pxOverflowDelayedTaskList
                0x0000000020000688        0x4 ./Middlewares/Third_Party/FreeRTOS/Source/tasks.o
 .bss.xPendingReadyList
                0x000000002000068c       0x14 ./Middlewares/Third_Party/FreeRTOS/Source/tasks.o
 .bss.xTasksWaitingTermination
                0x00000000200006a0       0x14 ./Middlewares/Third_Party/FreeRTOS/Source/tasks.o
 .bss.uxDeletedTasksWaitingCleanUp
                0x00000000200006b4        0x4 ./Middlewares/Third_Party/FreeRTOS/Source/tasks.o
 .bss.xSuspendedTaskList
                0x00000000200006b8       0x14 ./Middlewares/Third_Party/FreeRTOS/Source/tasks.o
 .bss.uxCurrentNumberOfTasks
                0x00000000200006cc        0x4 ./Middlewares/Third_Party/FreeRTOS/Source/tasks.o
 .bss.xTickCount
                0x00000000200006d0        0x4 ./Middlewares/Third_Party/FreeRTOS/Source/tasks.o
 .bss.uxTopReadyPriority
                0x00000000200006d4        0x4 ./Middlewares/Third_Party/FreeRTOS/Source/tasks.o
 .bss.xSchedulerRunning
                0x00000000200006d8        0x4 ./Middlewares/Third_Party/FreeRTOS/Source/tasks.o
 .bss.xPendedTicks
                0x00000000200006dc        0x4 ./Middlewares/Third_Party/FreeRTOS/Source/tasks.o
 .bss.xYieldPending
                0x00000000200006e0        0x4 ./Middlewares/Third_Party/FreeRTOS/Source/tasks.o
 .bss.xNumOfOverflows
                0x00000000200006e4        0x4 ./Middlewares/Third_Party/FreeRTOS/Source/tasks.o
 .bss.uxTaskNumber
                0x00000000200006e8        0x4 ./Middlewares/Third_Party/FreeRTOS/Source/tasks.o
 .bss.xNextTaskUnblockTime
                0x00000000200006ec        0x4 ./Middlewares/Third_Party/FreeRTOS/Source/tasks.o
 .bss.xIdleTaskHandle
                0x00000000200006f0        0x4 ./Middlewares/Third_Party/FreeRTOS/Source/tasks.o
 .bss.uxSchedulerSuspended
                0x00000000200006f4        0x4 ./Middlewares/Third_Party/FreeRTOS/Source/tasks.o
 .bss.ucMaxSysCallPriority
                0x00000000200006f8        0x1 ./Middlewares/Third_Party/FreeRTOS/Source/portable/GCC/ARM_CM4F/port.o
 *fill*         0x00000000200006f9        0x3 
 .bss.ulMaxPRIGROUPValue
                0x00000000200006fc        0x4 ./Middlewares/Third_Party/FreeRTOS/Source/portable/GCC/ARM_CM4F/port.o
 .bss.ucHeap    0x0000000020000700     0x3c00 ./Middlewares/Third_Party/FreeRTOS/Source/portable/MemMang/heap_4.o
 .bss.xStart    0x0000000020004300        0x8 ./Middlewares/Third_Party/FreeRTOS/Source/portable/MemMang/heap_4.o
 .bss.pxEnd     0x0000000020004308        0x4 ./Middlewares/Third_Party/FreeRTOS/Source/portable/MemMang/heap_4.o
 .bss.xFreeBytesRemaining
                0x000000002000430c        0x4 ./Middlewares/Third_Party/FreeRTOS/Source/portable/MemMang/heap_4.o
 .bss.xMinimumEverFreeBytesRemaining
                0x0000000020004310        0x4 ./Middlewares/Third_Party/FreeRTOS/Source/portable/MemMang/heap_4.o
 .bss.xNumberOfSuccessfulAllocations
                0x0000000020004314        0x4 ./Middlewares/Third_Party/FreeRTOS/Source/portable/MemMang/heap_4.o
 .bss.xNumberOfSuccessfulFrees
                0x0000000020004318        0x4 ./Middlewares/Third_Party/FreeRTOS/Source/portable/MemMang/heap_4.o
 .bss.xBlockAllocatedBit
                0x000000002000431c        0x4 ./Middlewares/Third_Party/FreeRTOS/Source/portable/MemMang/heap_4.o
 .bss.__lock___malloc_recursive_mutex
                0x0000000020004320        0x1 c:/st/stm32cubeide_1.10.1/stm32cubeide/plugins/com.st.stm32cube.ide.mcu.externaltools.gnu-tools-for-stm32.10.3-2021.10.win32_1.0.0.202111181127/tools/bin/../lib/gcc/arm-none-eabi/10.3.1/../../../../arm-none-eabi/lib/thumb/v7e-m+fp/hard\libc_nano.a(lib_a-lock.o)
                0x0000000020004320                __lock___malloc_recursive_mutex
 *fill*         0x0000000020004321        0x3 
 .bss.__malloc_free_list
                0x0000000020004324        0x4 c:/st/stm32cubeide_1.10.1/stm32cubeide/plugins/com.st.stm32cube.ide.mcu.externaltools.gnu-tools-for-stm32.10.3-2021.10.win32_1.0.0.202111181127/tools/bin/../lib/gcc/arm-none-eabi/10.3.1/../../../../arm-none-eabi/lib/thumb/v7e-m+fp/hard\libc_nano.a(lib_a-nano-mallocr.o)
                0x0000000020004324                __malloc_free_list
 *(COMMON)
                0x0000000020004328                . = ALIGN (0x4)
                0x0000000020004328                _ebss = .
                0x0000000020004328                __bss_end__ = _ebss

._user_heap_stack
                0x0000000020004328      0x600 load address 0x0000000008009800
                0x0000000020004328                . = ALIGN (0x8)
                [!provide]                        PROVIDE (end = .)
                0x0000000020004328                PROVIDE (_end = .)
                0x0000000020004528                . = (. + _Min_Heap_Size)
 *fill*         0x0000000020004328      0x200 
                0x0000000020004928                . = (. + _Min_Stack_Size)
 *fill*         0x0000000020004528      0x400 
                0x0000000020004928                . = ALIGN (0x8)

/DISCARD/
 libc.a(*)
 libm.a(*)
 libgcc.a(*)

.ARM.attributes
                0x0000000000000000       0x30
 *(.ARM.attributes)
 .ARM.attributes
                0x0000000000000000       0x1e c:/st/stm32cubeide_1.10.1/stm32cubeide/plugins/com.st.stm32cube.ide.mcu.externaltools.gnu-tools-for-stm32.10.3-2021.10.win32_1.0.0.202111181127/tools/bin/../lib/gcc/arm-none-eabi/10.3.1/thumb/v7e-m+fp/hard/crti.o
 .ARM.attributes
                0x000000000000001e       0x34 c:/st/stm32cubeide_1.10.1/stm32cubeide/plugins/com.st.stm32cube.ide.mcu.externaltools.gnu-tools-for-stm32.10.3-2021.10.win32_1.0.0.202111181127/tools/bin/../lib/gcc/arm-none-eabi/10.3.1/thumb/v7e-m+fp/hard/crtbegin.o
 .ARM.attributes
                0x0000000000000052       0x34 ./Core/Src/actuators/blhelis.o
 .ARM.attributes
                0x0000000000000086       0x34 ./Core/Src/comms/nrf24.o
 .ARM.attributes
                0x00000000000000ba       0x34 ./Core/Src/controllers/controllers.o
 .ARM.attributes
                0x00000000000000ee       0x34 ./Core/Src/freertos.o
 .ARM.attributes
                0x0000000000000122       0x34 ./Core/Src/main.o
 .ARM.attributes
                0x0000000000000156       0x34 ./Core/Src/stm32f4xx_hal_msp.o
 .ARM.attributes
                0x000000000000018a       0x34 ./Core/Src/stm32f4xx_hal_timebase_tim.o
 .ARM.attributes
                0x00000000000001be       0x34 ./Core/Src/stm32f4xx_it.o
 .ARM.attributes
                0x00000000000001f2       0x34 ./Core/Src/system_stm32f4xx.o
 .ARM.attributes
                0x0000000000000226       0x34 ./Core/Src/sensors/bno055.o
 .ARM.attributes
                0x000000000000025a       0x34 ./Core/Src/threads/actuatorthread.o
 .ARM.attributes
                0x000000000000028e       0x34 ./Core/Src/threads/controllerthread.o
 .ARM.attributes
                0x00000000000002c2       0x34 ./Core/Src/threads/initializerthread.o
 .ARM.attributes
                0x00000000000002f6       0x34 ./Core/Src/threads/sensorthread.o
 .ARM.attributes
                0x000000000000032a       0x21 ./Core/Startup/startup_stm32f446retx.o
 .ARM.attributes
                0x000000000000034b       0x34 ./Drivers/STM32F4xx_HAL_Driver/Src/stm32f4xx_hal.o
 .ARM.attributes
                0x000000000000037f       0x34 ./Drivers/STM32F4xx_HAL_Driver/Src/stm32f4xx_hal_cortex.o
 .ARM.attributes
                0x00000000000003b3       0x34 ./Drivers/STM32F4xx_HAL_Driver/Src/stm32f4xx_hal_gpio.o
 .ARM.attributes
                0x00000000000003e7       0x34 ./Drivers/STM32F4xx_HAL_Driver/Src/stm32f4xx_hal_i2c.o
 .ARM.attributes
                0x000000000000041b       0x34 ./Drivers/STM32F4xx_HAL_Driver/Src/stm32f4xx_hal_rcc.o
 .ARM.attributes
                0x000000000000044f       0x34 ./Drivers/STM32F4xx_HAL_Driver/Src/stm32f4xx_hal_rcc_ex.o
 .ARM.attributes
                0x0000000000000483       0x34 ./Drivers/STM32F4xx_HAL_Driver/Src/stm32f4xx_hal_spi.o
 .ARM.attributes
                0x00000000000004b7       0x34 ./Drivers/STM32F4xx_HAL_Driver/Src/stm32f4xx_hal_tim.o
 .ARM.attributes
                0x00000000000004eb       0x34 ./Drivers/STM32F4xx_HAL_Driver/Src/stm32f4xx_hal_tim_ex.o
 .ARM.attributes
                0x000000000000051f       0x34 ./Drivers/STM32F4xx_HAL_Driver/Src/stm32f4xx_hal_uart.o
 .ARM.attributes
                0x0000000000000553       0x34 ./Middlewares/Third_Party/FreeRTOS/Source/list.o
 .ARM.attributes
                0x0000000000000587       0x34 ./Middlewares/Third_Party/FreeRTOS/Source/queue.o
 .ARM.attributes
                0x00000000000005bb       0x34 ./Middlewares/Third_Party/FreeRTOS/Source/tasks.o
 .ARM.attributes
                0x00000000000005ef       0x34 ./Middlewares/Third_Party/FreeRTOS/Source/portable/GCC/ARM_CM4F/port.o
 .ARM.attributes
                0x0000000000000623       0x34 ./Middlewares/Third_Party/FreeRTOS/Source/portable/MemMang/heap_4.o
 .ARM.attributes
                0x0000000000000657       0x34 c:/st/stm32cubeide_1.10.1/stm32cubeide/plugins/com.st.stm32cube.ide.mcu.externaltools.gnu-tools-for-stm32.10.3-2021.10.win32_1.0.0.202111181127/tools/bin/../lib/gcc/arm-none-eabi/10.3.1/../../../../arm-none-eabi/lib/thumb/v7e-m+fp/hard\libc_nano.a(lib_a-findfp.o)
 .ARM.attributes
                0x000000000000068b       0x34 c:/st/stm32cubeide_1.10.1/stm32cubeide/plugins/com.st.stm32cube.ide.mcu.externaltools.gnu-tools-for-stm32.10.3-2021.10.win32_1.0.0.202111181127/tools/bin/../lib/gcc/arm-none-eabi/10.3.1/../../../../arm-none-eabi/lib/thumb/v7e-m+fp/hard\libc_nano.a(lib_a-impure.o)
 .ARM.attributes
                0x00000000000006bf       0x34 c:/st/stm32cubeide_1.10.1/stm32cubeide/plugins/com.st.stm32cube.ide.mcu.externaltools.gnu-tools-for-stm32.10.3-2021.10.win32_1.0.0.202111181127/tools/bin/../lib/gcc/arm-none-eabi/10.3.1/../../../../arm-none-eabi/lib/thumb/v7e-m+fp/hard\libc_nano.a(lib_a-init.o)
 .ARM.attributes
                0x00000000000006f3       0x34 c:/st/stm32cubeide_1.10.1/stm32cubeide/plugins/com.st.stm32cube.ide.mcu.externaltools.gnu-tools-for-stm32.10.3-2021.10.win32_1.0.0.202111181127/tools/bin/../lib/gcc/arm-none-eabi/10.3.1/../../../../arm-none-eabi/lib/thumb/v7e-m+fp/hard\libc_nano.a(lib_a-lock.o)
 .ARM.attributes
                0x0000000000000727       0x34 c:/st/stm32cubeide_1.10.1/stm32cubeide/plugins/com.st.stm32cube.ide.mcu.externaltools.gnu-tools-for-stm32.10.3-2021.10.win32_1.0.0.202111181127/tools/bin/../lib/gcc/arm-none-eabi/10.3.1/../../../../arm-none-eabi/lib/thumb/v7e-m+fp/hard\libc_nano.a(lib_a-memcpy-stub.o)
 .ARM.attributes
                0x000000000000075b       0x34 c:/st/stm32cubeide_1.10.1/stm32cubeide/plugins/com.st.stm32cube.ide.mcu.externaltools.gnu-tools-for-stm32.10.3-2021.10.win32_1.0.0.202111181127/tools/bin/../lib/gcc/arm-none-eabi/10.3.1/../../../../arm-none-eabi/lib/thumb/v7e-m+fp/hard\libc_nano.a(lib_a-memset.o)
 .ARM.attributes
                0x000000000000078f       0x34 c:/st/stm32cubeide_1.10.1/stm32cubeide/plugins/com.st.stm32cube.ide.mcu.externaltools.gnu-tools-for-stm32.10.3-2021.10.win32_1.0.0.202111181127/tools/bin/../lib/gcc/arm-none-eabi/10.3.1/../../../../arm-none-eabi/lib/thumb/v7e-m+fp/hard\libc_nano.a(lib_a-nano-freer.o)
 .ARM.attributes
                0x00000000000007c3       0x34 c:/st/stm32cubeide_1.10.1/stm32cubeide/plugins/com.st.stm32cube.ide.mcu.externaltools.gnu-tools-for-stm32.10.3-2021.10.win32_1.0.0.202111181127/tools/bin/../lib/gcc/arm-none-eabi/10.3.1/../../../../arm-none-eabi/lib/thumb/v7e-m+fp/hard\libc_nano.a(lib_a-nano-mallocr.o)
 .ARM.attributes
                0x00000000000007f7       0x34 c:/st/stm32cubeide_1.10.1/stm32cubeide/plugins/com.st.stm32cube.ide.mcu.externaltools.gnu-tools-for-stm32.10.3-2021.10.win32_1.0.0.202111181127/tools/bin/../lib/gcc/arm-none-eabi/10.3.1/../../../../arm-none-eabi/lib/thumb/v7e-m+fp/hard\libc_nano.a(lib_a-reent.o)
 .ARM.attributes
                0x000000000000082b       0x34 c:/st/stm32cubeide_1.10.1/stm32cubeide/plugins/com.st.stm32cube.ide.mcu.externaltools.gnu-tools-for-stm32.10.3-2021.10.win32_1.0.0.202111181127/tools/bin/../lib/gcc/arm-none-eabi/10.3.1/../../../../arm-none-eabi/lib/thumb/v7e-m+fp/hard\libc_nano.a(lib_a-mlock.o)
 .ARM.attributes
                0x000000000000085f       0x1e c:/st/stm32cubeide_1.10.1/stm32cubeide/plugins/com.st.stm32cube.ide.mcu.externaltools.gnu-tools-for-stm32.10.3-2021.10.win32_1.0.0.202111181127/tools/bin/../lib/gcc/arm-none-eabi/10.3.1/thumb/v7e-m+fp/hard\libgcc.a(_aeabi_uldivmod.o)
 .ARM.attributes
                0x000000000000087d       0x34 c:/st/stm32cubeide_1.10.1/stm32cubeide/plugins/com.st.stm32cube.ide.mcu.externaltools.gnu-tools-for-stm32.10.3-2021.10.win32_1.0.0.202111181127/tools/bin/../lib/gcc/arm-none-eabi/10.3.1/thumb/v7e-m+fp/hard\libgcc.a(_udivmoddi4.o)
 .ARM.attributes
                0x00000000000008b1       0x1e c:/st/stm32cubeide_1.10.1/stm32cubeide/plugins/com.st.stm32cube.ide.mcu.externaltools.gnu-tools-for-stm32.10.3-2021.10.win32_1.0.0.202111181127/tools/bin/../lib/gcc/arm-none-eabi/10.3.1/thumb/v7e-m+fp/hard\libgcc.a(_dvmd_tls.o)
 .ARM.attributes
                0x00000000000008cf       0x1e c:/st/stm32cubeide_1.10.1/stm32cubeide/plugins/com.st.stm32cube.ide.mcu.externaltools.gnu-tools-for-stm32.10.3-2021.10.win32_1.0.0.202111181127/tools/bin/../lib/gcc/arm-none-eabi/10.3.1/thumb/v7e-m+fp/hard/crtn.o
OUTPUT(Flight_Controller.elf elf32-littlearm)
LOAD linker stubs
LOAD c:/st/stm32cubeide_1.10.1/stm32cubeide/plugins/com.st.stm32cube.ide.mcu.externaltools.gnu-tools-for-stm32.10.3-2021.10.win32_1.0.0.202111181127/tools/bin/../lib/gcc/arm-none-eabi/10.3.1/../../../../arm-none-eabi/lib/thumb/v7e-m+fp/hard\libc.a
LOAD c:/st/stm32cubeide_1.10.1/stm32cubeide/plugins/com.st.stm32cube.ide.mcu.externaltools.gnu-tools-for-stm32.10.3-2021.10.win32_1.0.0.202111181127/tools/bin/../lib/gcc/arm-none-eabi/10.3.1/../../../../arm-none-eabi/lib/thumb/v7e-m+fp/hard\libm.a
LOAD c:/st/stm32cubeide_1.10.1/stm32cubeide/plugins/com.st.stm32cube.ide.mcu.externaltools.gnu-tools-for-stm32.10.3-2021.10.win32_1.0.0.202111181127/tools/bin/../lib/gcc/arm-none-eabi/10.3.1/thumb/v7e-m+fp/hard\libgcc.a

.debug_info     0x0000000000000000    0x245e8
 .debug_info    0x0000000000000000     0x1358 ./Core/Src/actuators/blhelis.o
 .debug_info    0x0000000000001358     0x1aac ./Core/Src/comms/nrf24.o
 .debug_info    0x0000000000002e04      0xf1c ./Core/Src/controllers/controllers.o
 .debug_info    0x0000000000003d20      0x9b6 ./Core/Src/freertos.o
 .debug_info    0x00000000000046d6     0x30dd ./Core/Src/main.o
 .debug_info    0x00000000000077b3     0x1740 ./Core/Src/stm32f4xx_hal_msp.o
 .debug_info    0x0000000000008ef3      0xca1 ./Core/Src/stm32f4xx_hal_timebase_tim.o
 .debug_info    0x0000000000009b94      0x71d ./Core/Src/stm32f4xx_it.o
 .debug_info    0x000000000000a2b1      0x55b ./Core/Src/system_stm32f4xx.o
 .debug_info    0x000000000000a80c     0x18f2 ./Core/Src/sensors/bno055.o
 .debug_info    0x000000000000c0fe     0x114b ./Core/Src/threads/actuatorthread.o
 .debug_info    0x000000000000d249      0xe8d ./Core/Src/threads/controllerthread.o
 .debug_info    0x000000000000e0d6     0x2096 ./Core/Src/threads/initializerthread.o
 .debug_info    0x000000000001016c     0x13af ./Core/Src/threads/sensorthread.o
 .debug_info    0x000000000001151b       0x22 ./Core/Startup/startup_stm32f446retx.o
 .debug_info    0x000000000001153d      0x9d2 ./Drivers/STM32F4xx_HAL_Driver/Src/stm32f4xx_hal.o
 .debug_info    0x0000000000011f0f      0xe39 ./Drivers/STM32F4xx_HAL_Driver/Src/stm32f4xx_hal_cortex.o
 .debug_info    0x0000000000012d48      0x7be ./Drivers/STM32F4xx_HAL_Driver/Src/stm32f4xx_hal_gpio.o
 .debug_info    0x0000000000013506     0x2617 ./Drivers/STM32F4xx_HAL_Driver/Src/stm32f4xx_hal_i2c.o
 .debug_info    0x0000000000015b1d      0x9ab ./Drivers/STM32F4xx_HAL_Driver/Src/stm32f4xx_hal_rcc.o
 .debug_info    0x00000000000164c8      0x9ec ./Drivers/STM32F4xx_HAL_Driver/Src/stm32f4xx_hal_rcc_ex.o
 .debug_info    0x0000000000016eb4     0x1758 ./Drivers/STM32F4xx_HAL_Driver/Src/stm32f4xx_hal_spi.o
 .debug_info    0x000000000001860c     0x2bbe ./Drivers/STM32F4xx_HAL_Driver/Src/stm32f4xx_hal_tim.o
 .debug_info    0x000000000001b1ca     0x15e0 ./Drivers/STM32F4xx_HAL_Driver/Src/stm32f4xx_hal_tim_ex.o
 .debug_info    0x000000000001c7aa     0x31bc ./Drivers/STM32F4xx_HAL_Driver/Src/stm32f4xx_hal_uart.o
 .debug_info    0x000000000001f966      0x2d1 ./Middlewares/Third_Party/FreeRTOS/Source/list.o
 .debug_info    0x000000000001fc37     0x18e1 ./Middlewares/Third_Party/FreeRTOS/Source/queue.o
 .debug_info    0x0000000000021518     0x26be ./Middlewares/Third_Party/FreeRTOS/Source/tasks.o
 .debug_info    0x0000000000023bd6      0x507 ./Middlewares/Third_Party/FreeRTOS/Source/portable/GCC/ARM_CM4F/port.o
 .debug_info    0x00000000000240dd      0x50b ./Middlewares/Third_Party/FreeRTOS/Source/portable/MemMang/heap_4.o

.debug_abbrev   0x0000000000000000     0x4ec1
 .debug_abbrev  0x0000000000000000      0x3db ./Core/Src/actuators/blhelis.o
 .debug_abbrev  0x00000000000003db      0x457 ./Core/Src/comms/nrf24.o
 .debug_abbrev  0x0000000000000832      0x3b6 ./Core/Src/controllers/controllers.o
 .debug_abbrev  0x0000000000000be8      0x169 ./Core/Src/freertos.o
 .debug_abbrev  0x0000000000000d51      0x563 ./Core/Src/main.o
 .debug_abbrev  0x00000000000012b4      0x20a ./Core/Src/stm32f4xx_hal_msp.o
 .debug_abbrev  0x00000000000014be      0x1e6 ./Core/Src/stm32f4xx_hal_timebase_tim.o
 .debug_abbrev  0x00000000000016a4      0x171 ./Core/Src/stm32f4xx_it.o
 .debug_abbrev  0x0000000000001815      0x116 ./Core/Src/system_stm32f4xx.o
 .debug_abbrev  0x000000000000192b      0x357 ./Core/Src/sensors/bno055.o
 .debug_abbrev  0x0000000000001c82      0x359 ./Core/Src/threads/actuatorthread.o
 .debug_abbrev  0x0000000000001fdb      0x2a5 ./Core/Src/threads/controllerthread.o
 .debug_abbrev  0x0000000000002280      0x413 ./Core/Src/threads/initializerthread.o
 .debug_abbrev  0x0000000000002693      0x313 ./Core/Src/threads/sensorthread.o
 .debug_abbrev  0x00000000000029a6       0x12 ./Core/Startup/startup_stm32f446retx.o
 .debug_abbrev  0x00000000000029b8      0x20d ./Drivers/STM32F4xx_HAL_Driver/Src/stm32f4xx_hal.o
 .debug_abbrev  0x0000000000002bc5      0x316 ./Drivers/STM32F4xx_HAL_Driver/Src/stm32f4xx_hal_cortex.o
 .debug_abbrev  0x0000000000002edb      0x1c4 ./Drivers/STM32F4xx_HAL_Driver/Src/stm32f4xx_hal_gpio.o
 .debug_abbrev  0x000000000000309f      0x297 ./Drivers/STM32F4xx_HAL_Driver/Src/stm32f4xx_hal_i2c.o
 .debug_abbrev  0x0000000000003336      0x2aa ./Drivers/STM32F4xx_HAL_Driver/Src/stm32f4xx_hal_rcc.o
 .debug_abbrev  0x00000000000035e0      0x1fb ./Drivers/STM32F4xx_HAL_Driver/Src/stm32f4xx_hal_rcc_ex.o
 .debug_abbrev  0x00000000000037db      0x26e ./Drivers/STM32F4xx_HAL_Driver/Src/stm32f4xx_hal_spi.o
 .debug_abbrev  0x0000000000003a49      0x25d ./Drivers/STM32F4xx_HAL_Driver/Src/stm32f4xx_hal_tim.o
 .debug_abbrev  0x0000000000003ca6      0x265 ./Drivers/STM32F4xx_HAL_Driver/Src/stm32f4xx_hal_tim_ex.o
 .debug_abbrev  0x0000000000003f0b      0x2f4 ./Drivers/STM32F4xx_HAL_Driver/Src/stm32f4xx_hal_uart.o
 .debug_abbrev  0x00000000000041ff       0xf2 ./Middlewares/Third_Party/FreeRTOS/Source/list.o
 .debug_abbrev  0x00000000000042f1      0x3a1 ./Middlewares/Third_Party/FreeRTOS/Source/queue.o
 .debug_abbrev  0x0000000000004692      0x3c4 ./Middlewares/Third_Party/FreeRTOS/Source/tasks.o
 .debug_abbrev  0x0000000000004a56      0x259 ./Middlewares/Third_Party/FreeRTOS/Source/portable/GCC/ARM_CM4F/port.o
 .debug_abbrev  0x0000000000004caf      0x212 ./Middlewares/Third_Party/FreeRTOS/Source/portable/MemMang/heap_4.o

.debug_aranges  0x0000000000000000     0x16a8
 .debug_aranges
                0x0000000000000000       0x68 ./Core/Src/actuators/blhelis.o
 .debug_aranges
                0x0000000000000068       0x90 ./Core/Src/comms/nrf24.o
 .debug_aranges
                0x00000000000000f8       0x28 ./Core/Src/controllers/controllers.o
 .debug_aranges
                0x0000000000000120       0x20 ./Core/Src/freertos.o
 .debug_aranges
                0x0000000000000140       0x70 ./Core/Src/main.o
 .debug_aranges
                0x00000000000001b0       0x68 ./Core/Src/stm32f4xx_hal_msp.o
 .debug_aranges
                0x0000000000000218       0x30 ./Core/Src/stm32f4xx_hal_timebase_tim.o
 .debug_aranges
                0x0000000000000248       0x58 ./Core/Src/stm32f4xx_it.o
 .debug_aranges
                0x00000000000002a0       0x28 ./Core/Src/system_stm32f4xx.o
 .debug_aranges
                0x00000000000002c8       0x50 ./Core/Src/sensors/bno055.o
 .debug_aranges
                0x0000000000000318       0x20 ./Core/Src/threads/actuatorthread.o
 .debug_aranges
                0x0000000000000338       0x20 ./Core/Src/threads/controllerthread.o
 .debug_aranges
                0x0000000000000358       0x20 ./Core/Src/threads/initializerthread.o
 .debug_aranges
                0x0000000000000378       0x20 ./Core/Src/threads/sensorthread.o
 .debug_aranges
                0x0000000000000398       0x28 ./Core/Startup/startup_stm32f446retx.o
 .debug_aranges
                0x00000000000003c0       0xf0 ./Drivers/STM32F4xx_HAL_Driver/Src/stm32f4xx_hal.o
 .debug_aranges
                0x00000000000004b0      0x118 ./Drivers/STM32F4xx_HAL_Driver/Src/stm32f4xx_hal_cortex.o
 .debug_aranges
                0x00000000000005c8       0x58 ./Drivers/STM32F4xx_HAL_Driver/Src/stm32f4xx_hal_gpio.o
 .debug_aranges
                0x0000000000000620      0x2a0 ./Drivers/STM32F4xx_HAL_Driver/Src/stm32f4xx_hal_i2c.o
 .debug_aranges
                0x00000000000008c0       0x88 ./Drivers/STM32F4xx_HAL_Driver/Src/stm32f4xx_hal_rcc.o
 .debug_aranges
                0x0000000000000948       0x78 ./Drivers/STM32F4xx_HAL_Driver/Src/stm32f4xx_hal_rcc_ex.o
 .debug_aranges
                0x00000000000009c0      0x1d0 ./Drivers/STM32F4xx_HAL_Driver/Src/stm32f4xx_hal_spi.o
 .debug_aranges
                0x0000000000000b90      0x3d0 ./Drivers/STM32F4xx_HAL_Driver/Src/stm32f4xx_hal_tim.o
 .debug_aranges
                0x0000000000000f60      0x168 ./Drivers/STM32F4xx_HAL_Driver/Src/stm32f4xx_hal_tim_ex.o
 .debug_aranges
                0x00000000000010c8      0x200 ./Drivers/STM32F4xx_HAL_Driver/Src/stm32f4xx_hal_uart.o
 .debug_aranges
                0x00000000000012c8       0x40 ./Middlewares/Third_Party/FreeRTOS/Source/list.o
 .debug_aranges
                0x0000000000001308      0x108 ./Middlewares/Third_Party/FreeRTOS/Source/queue.o
 .debug_aranges
                0x0000000000001410      0x1c0 ./Middlewares/Third_Party/FreeRTOS/Source/tasks.o
 .debug_aranges
                0x00000000000015d0       0x80 ./Middlewares/Third_Party/FreeRTOS/Source/portable/GCC/ARM_CM4F/port.o
 .debug_aranges
                0x0000000000001650       0x58 ./Middlewares/Third_Party/FreeRTOS/Source/portable/MemMang/heap_4.o

.debug_ranges   0x0000000000000000     0x1518
 .debug_ranges  0x0000000000000000       0x58 ./Core/Src/actuators/blhelis.o
 .debug_ranges  0x0000000000000058       0x80 ./Core/Src/comms/nrf24.o
 .debug_ranges  0x00000000000000d8       0x18 ./Core/Src/controllers/controllers.o
 .debug_ranges  0x00000000000000f0       0x10 ./Core/Src/freertos.o
 .debug_ranges  0x0000000000000100       0x60 ./Core/Src/main.o
 .debug_ranges  0x0000000000000160       0x58 ./Core/Src/stm32f4xx_hal_msp.o
 .debug_ranges  0x00000000000001b8       0x20 ./Core/Src/stm32f4xx_hal_timebase_tim.o
 .debug_ranges  0x00000000000001d8       0x48 ./Core/Src/stm32f4xx_it.o
 .debug_ranges  0x0000000000000220       0x18 ./Core/Src/system_stm32f4xx.o
 .debug_ranges  0x0000000000000238       0x40 ./Core/Src/sensors/bno055.o
 .debug_ranges  0x0000000000000278       0x10 ./Core/Src/threads/actuatorthread.o
 .debug_ranges  0x0000000000000288       0x10 ./Core/Src/threads/controllerthread.o
 .debug_ranges  0x0000000000000298       0x10 ./Core/Src/threads/initializerthread.o
 .debug_ranges  0x00000000000002a8       0x10 ./Core/Src/threads/sensorthread.o
 .debug_ranges  0x00000000000002b8       0x20 ./Core/Startup/startup_stm32f446retx.o
 .debug_ranges  0x00000000000002d8       0xe0 ./Drivers/STM32F4xx_HAL_Driver/Src/stm32f4xx_hal.o
 .debug_ranges  0x00000000000003b8      0x108 ./Drivers/STM32F4xx_HAL_Driver/Src/stm32f4xx_hal_cortex.o
 .debug_ranges  0x00000000000004c0       0x48 ./Drivers/STM32F4xx_HAL_Driver/Src/stm32f4xx_hal_gpio.o
 .debug_ranges  0x0000000000000508      0x2a8 ./Drivers/STM32F4xx_HAL_Driver/Src/stm32f4xx_hal_i2c.o
 .debug_ranges  0x00000000000007b0       0x78 ./Drivers/STM32F4xx_HAL_Driver/Src/stm32f4xx_hal_rcc.o
 .debug_ranges  0x0000000000000828       0x68 ./Drivers/STM32F4xx_HAL_Driver/Src/stm32f4xx_hal_rcc_ex.o