../Core/Src/main.cpp:117:5:int main()	16	static
../Core/Src/main.cpp:189:6:void sensorThread(void*)	96	static
../Core/Src/main.cpp:244:6:void controllerThread(void*)	160	static
../Core/Src/main.cpp:292:6:void actuatorThread(void*)	64	static
../Core/Src/main.cpp:349:6:void vApplicationStackOverFlowHook(TaskHandle_t, signed char*)	16	static
../Core/Src/main.cpp:358:6:void SystemClock_Config()	184	static
../Core/Src/main.cpp:410:13:void MX_I2C1_Init()	8	static
../Core/Src/main.cpp:444:13:void MX_SPI2_Init()	8	static
../Core/Src/main.cpp:482:13:void MX_TIM8_Init()	96	static
../Core/Src/main.cpp:571:13:void MX_UART4_Init()	8	static
../Core/Src/main.cpp:604:13:void MX_USART2_UART_Init()	8	static
../Core/Src/main.cpp:638:13:void MX_GPIO_Init()	48	static
../Core/Src/main.cpp:691:6:void Error_Handler()	4	static,ignoring_inline_asm
