../Core/Src/main.cpp:124:5:int main()	176	static
../Core/Src/main.cpp:260:6:void sensorThread(void*)	96	static
../Core/Src/main.cpp:327:6:void controllerThread(void*)	168	static
../Core/Src/main.cpp:374:6:void actuatorThread(void*)	56	static
../Core/Src/main.cpp:417:6:void vApplicationStackOverFlowHook(TaskHandle_t, signed char*)	16	static
../Core/Src/main.cpp:426:6:void SystemClock_Config()	184	static
../Core/Src/main.cpp:478:13:void MX_I2C1_Init()	8	static
../Core/Src/main.cpp:512:13:void MX_SPI2_Init()	8	static
../Core/Src/main.cpp:550:13:void MX_TIM8_Init()	96	static
../Core/Src/main.cpp:632:13:void MX_TIM10_Init()	8	static
../Core/Src/main.cpp:663:13:void MX_UART4_Init()	8	static
../Core/Src/main.cpp:696:13:void MX_USART2_UART_Init()	8	static
../Core/Src/main.cpp:730:13:void MX_GPIO_Init()	48	static
../Core/Src/main.cpp:775:6:void HAL_TIM_PeriodElapsedCallback(TIM_HandleTypeDef*)	16	static
../Core/Src/main.cpp:796:6:void Error_Handler()	4	static,ignoring_inline_asm
