../Core/Src/main.cpp:96:5:int main()	336	static
../Core/Src/main.cpp:239:6:void vApplicationStackOverFlowHook(TaskHandle_t, signed char*)	16	static
../Core/Src/main.cpp:248:6:void SystemClock_Config()	184	static
../Core/Src/main.cpp:300:13:void MX_I2C1_Init()	8	static
../Core/Src/main.cpp:334:13:void MX_SPI2_Init()	8	static
../Core/Src/main.cpp:372:13:void MX_TIM8_Init()	96	static
../Core/Src/main.cpp:454:13:void MX_TIM10_Init()	8	static
../Core/Src/main.cpp:485:13:void MX_UART4_Init()	8	static
../Core/Src/main.cpp:518:13:void MX_USART2_UART_Init()	8	static
../Core/Src/main.cpp:552:13:void MX_GPIO_Init()	48	static
../Core/Src/main.cpp:597:6:void HAL_TIM_PeriodElapsedCallback(TIM_HandleTypeDef*)	16	static
../Core/Src/main.cpp:620:6:void Error_Handler()	4	static,ignoring_inline_asm
