../Core/Src/main.cpp:102:5:int main()	200	static
../Core/Src/main.cpp:237:6:void vApplicationStackOverFlowHook(TaskHandle_t, signed char*)	16	static
../Core/Src/main.cpp:241:6:void initializeMutexes()	8	static
../Core/Src/main.cpp:252:6:void SystemClock_Config()	184	static
../Core/Src/main.cpp:304:13:void MX_I2C1_Init()	8	static
../Core/Src/main.cpp:338:13:void MX_SPI2_Init()	8	static
../Core/Src/main.cpp:376:13:void MX_TIM8_Init()	96	static
../Core/Src/main.cpp:458:13:void MX_TIM10_Init()	8	static
../Core/Src/main.cpp:489:13:void MX_UART4_Init()	8	static
../Core/Src/main.cpp:522:13:void MX_USART2_UART_Init()	8	static
../Core/Src/main.cpp:556:13:void MX_GPIO_Init()	48	static
../Core/Src/main.cpp:601:6:void HAL_TIM_PeriodElapsedCallback(TIM_HandleTypeDef*)	16	static
../Core/Src/main.cpp:622:6:void Error_Handler()	4	static,ignoring_inline_asm
