../Core/Src/main.cpp:100:5:int main()	328	static
../Core/Src/main.cpp:371:6:void SystemClock_Config()	184	static
../Core/Src/main.cpp:423:13:void MX_I2C1_Init()	8	static
../Core/Src/main.cpp:457:13:void MX_SPI2_Init()	8	static
../Core/Src/main.cpp:495:13:void MX_TIM8_Init()	96	static
../Core/Src/main.cpp:582:13:void MX_UART4_Init()	8	static
../Core/Src/main.cpp:615:13:void MX_USART2_UART_Init()	8	static
../Core/Src/main.cpp:648:13:void MX_USB_OTG_FS_PCD_Init()	8	static
../Core/Src/main.cpp:683:13:void MX_GPIO_Init()	48	static
../Core/Src/main.cpp:735:6:void Error_Handler()	4	static,ignoring_inline_asm
