../Core/Src/main.cpp:131:5:int main()	24	static
../Core/Src/main.cpp:202:6:void sensorThread(void*)	96	static,ignoring_inline_asm
../Core/Src/main.cpp:287:6:void controllerThread(void*)	168	static,ignoring_inline_asm
../Core/Src/main.cpp:366:6:void actuatorThread(void*)	64	static,ignoring_inline_asm
../Core/Src/main.cpp:437:6:void writeToThreadRecord(int)	16	static
../Core/Src/main.cpp:444:6:void vApplicationStackOverFlowHook(TaskHandle_t, signed char*)	16	static
../Core/Src/main.cpp:449:7:float zmovingAverage(float)	24	static
../Core/Src/main.cpp:459:7:float phimovingAverage(float)	24	static
../Core/Src/main.cpp:469:7:float thetamovingAverage(float)	24	static
../Core/Src/main.cpp:479:12:TickType_t HAL_GetTick()	8	static
../Core/Src/main.cpp:488:6:void SystemClock_Config()	184	static
../Core/Src/main.cpp:540:13:void MX_I2C1_Init()	8	static
../Core/Src/main.cpp:574:13:void MX_SPI2_Init()	8	static
../Core/Src/main.cpp:612:13:void MX_TIM8_Init()	96	static
../Core/Src/main.cpp:701:13:void MX_UART4_Init()	8	static
../Core/Src/main.cpp:734:13:void MX_USART2_UART_Init()	8	static
../Core/Src/main.cpp:768:13:void MX_GPIO_Init()	48	static
../Core/Src/main.cpp:821:6:void Error_Handler()	4	static,ignoring_inline_asm
