../Core/Src/main.cpp:95:5:int main()	368	static
../Core/Src/main.cpp:238:6:void SystemClock_Config()	184	static
../Core/Src/main.cpp:290:13:void MX_I2C1_Init()	8	static
../Core/Src/main.cpp:324:13:void MX_SPI2_Init()	8	static
../Core/Src/main.cpp:362:13:void MX_TIM8_Init()	96	static
../Core/Src/main.cpp:444:13:void MX_TIM10_Init()	8	static
../Core/Src/main.cpp:475:13:void MX_UART4_Init()	8	static
../Core/Src/main.cpp:508:13:void MX_USART2_UART_Init()	8	static
../Core/Src/main.cpp:542:13:void MX_GPIO_Init()	48	static
../Core/Src/main.cpp:587:6:void HAL_TIM_PeriodElapsedCallback(TIM_HandleTypeDef*)	16	static
../Core/Src/main.cpp:610:6:void Error_Handler()	4	static,ignoring_inline_asm
