../Core/Src/main.cpp:95:5:int main()	336	static
../Core/Src/main.cpp:241:6:void SystemClock_Config()	184	static
../Core/Src/main.cpp:293:13:void MX_I2C1_Init()	8	static
../Core/Src/main.cpp:327:13:void MX_SPI2_Init()	8	static
../Core/Src/main.cpp:365:13:void MX_TIM8_Init()	96	static
../Core/Src/main.cpp:447:13:void MX_TIM10_Init()	8	static
../Core/Src/main.cpp:478:13:void MX_UART4_Init()	8	static
../Core/Src/main.cpp:511:13:void MX_USART2_UART_Init()	8	static
../Core/Src/main.cpp:545:13:void MX_GPIO_Init()	48	static
../Core/Src/main.cpp:590:6:void HAL_TIM_PeriodElapsedCallback(TIM_HandleTypeDef*)	16	static
../Core/Src/main.cpp:613:6:void Error_Handler()	4	static,ignoring_inline_asm
