../Core/Src/main.cpp:137:5:int main()	24	static
../Core/Src/main.cpp:208:6:void sensorThread(void*)	96	static,ignoring_inline_asm
../Core/Src/main.cpp:282:6:void controllerThread(void*)	168	static,ignoring_inline_asm
../Core/Src/main.cpp:355:6:void actuatorThread(void*)	56	static,ignoring_inline_asm
../Core/Src/main.cpp:425:6:void vApplicationStackOverFlowHook(TaskHandle_t, signed char*)	16	static
../Core/Src/main.cpp:430:6:void recordImuSample(state::QuadStateVector&)	16	static
../Core/Src/main.cpp:440:7:float zmovingAverage(float)	24	static
../Core/Src/main.cpp:450:7:float phimovingAverage(float)	24	static
../Core/Src/main.cpp:460:7:float thetamovingAverage(float)	24	static
../Core/Src/main.cpp:470:12:TickType_t HAL_GetTick()	8	static
../Core/Src/main.cpp:479:6:void SystemClock_Config()	184	static
../Core/Src/main.cpp:531:13:void MX_I2C1_Init()	8	static
../Core/Src/main.cpp:565:13:void MX_SPI2_Init()	8	static
../Core/Src/main.cpp:603:13:void MX_TIM8_Init()	96	static
../Core/Src/main.cpp:692:13:void MX_UART4_Init()	8	static
../Core/Src/main.cpp:725:13:void MX_USART2_UART_Init()	8	static
../Core/Src/main.cpp:759:13:void MX_GPIO_Init()	48	static
../Core/Src/main.cpp:812:6:void Error_Handler()	4	static,ignoring_inline_asm
