../Core/Src/main.cpp:140:5:int main()	24	static
../Core/Src/main.cpp:211:6:void sensorThread(void*)	96	static,ignoring_inline_asm
../Core/Src/main.cpp:285:6:void controllerThread(void*)	384	static,ignoring_inline_asm
../Core/Src/main.cpp:392:6:void actuatorThread(void*)	56	static,ignoring_inline_asm
../Core/Src/main.cpp:462:6:void vApplicationStackOverFlowHook(TaskHandle_t, signed char*)	16	static
../Core/Src/main.cpp:467:6:void recordImuSample(state::QuadStateVector&)	16	static
../Core/Src/main.cpp:477:7:float zmovingAverage(float)	24	static
../Core/Src/main.cpp:487:7:float phimovingAverage(float)	24	static
../Core/Src/main.cpp:497:7:float thetamovingAverage(float)	24	static
../Core/Src/main.cpp:507:12:TickType_t HAL_GetTick()	8	static
../Core/Src/main.cpp:516:6:void SystemClock_Config()	184	static
../Core/Src/main.cpp:568:13:void MX_I2C1_Init()	8	static
../Core/Src/main.cpp:602:13:void MX_SPI2_Init()	8	static
../Core/Src/main.cpp:640:13:void MX_TIM8_Init()	96	static
../Core/Src/main.cpp:729:13:void MX_UART4_Init()	8	static
../Core/Src/main.cpp:762:13:void MX_USART2_UART_Init()	8	static
../Core/Src/main.cpp:796:13:void MX_GPIO_Init()	48	static
../Core/Src/main.cpp:849:6:void Error_Handler()	4	static,ignoring_inline_asm
